Component: ARM Compiler 6.16 Tool: armlink [5dfeaa00]

==============================================================================

Loading Objects.

Loading object BUILD/NUCLEO_F103RB/ARMC6/Lab3/Lab3.o.
Adding cpp init reference.              reference :  __cpp_initialize__aeabi_
              reference :  mbed::BusOut::BusOut(PinName, PinName, PinName, PinName, PinName, PinName, PinName, PinName, PinName, PinName, PinName, PinName, PinName, PinName, PinName, PinName)
              reference :  mbed::PortOut::PortOut(PortName, int)
              weak defn :  mbed::DigitalIn::DigitalIn__sub_object(PinName)
              definition:  button
              reference :  gpio_init_in
              definition:  qNum
              definition:  sevenSegmentDIG
              definition:  sevenSegmentPort
Loading object BUILD/NUCLEO_F103RB/ARMC6/Lab3/seg7_utilities.o.
              definition:  update(unsigned char*, int)
              definition:  convert(char)
Loading object BUILD/NUCLEO_F103RB/ARMC6/Lab5.o.
              definition:  LED
              definition:  Motor
              definition:  Trimmer
              weak defn :  mbed::DigitalOut::write(int)
              weak defn :  mbed::DigitalOut::DigitalOut__sub_object(PinName)
              weak defn :  mbed::PortOut::write(int)
              reference :  mbed::PortOut::PortOut(PortName, int)
              weak defn :  mbed::PortOut::operator=(int)
              reference :  mbed::AnalogIn::read_u16()
              reference :  mbed::AnalogIn::AnalogIn(PinName, float)
              reference :  __2printf
              definition:  __ARM_use_no_argv
              reference :  _printf_d
              reference :  _printf_int_dec
              reference :  _printf_percent
              reference :  gpio_init_out
              definition:  ledbar
              definition:  main
              reference :  port_write
              definition:  voltage
Loading object BUILD/NUCLEO_F103RB/ARMC6/LedBlinky.o.
Loading object BUILD/NUCLEO_F103RB/ARMC6/keypad_utilities.o.
              definition:  Keypad_DA
              definition:  Keypad_Data
              definition:  getkey()
              weak defn :  mbed::BusIn::mask()
              reference :  mbed::BusIn::mode(PinMode)
              reference :  mbed::BusIn::BusIn(PinName, PinName, PinName, PinName, PinName, PinName, PinName, PinName, PinName, PinName, PinName, PinName, PinName, PinName, PinName, PinName)
              reference :  mbed::BusIn::operator int()
              weak defn :  mbed::DigitalIn::read()
              weak defn :  mbed::DigitalIn::operator int()
              reference :  __2printf
              reference :  _printf_flags
              reference :  _printf_longlong_hex
              reference :  _printf_percent
              reference :  _printf_pre_padding
              reference :  _printf_widthprec
              reference :  _printf_x
              reference :  gpio_init_in
              reference :  mbed::DigitalIn::DigitalIn__sub_object(PinName)
Loading object BUILD/NUCLEO_F103RB/ARMC6/lcd_utilities.o.
              definition:  LCD_EN
              definition:  LCD_RS
              definition:  LCD_WR
              definition:  lcd_strobe()
              definition:  lcd_write_cmd(unsigned char)
              definition:  lcd_write_data(char)
              definition:  lcd_init()
              definition:  lcd_Clear()
              weak defn :  mbed::DigitalOut::operator=(int)
              reference :  mbed::PortOut::PortOut(PortName, int)
              reference :  _wait_us_generic
              weak defn :  _wait_us_inline
              reference :  _wait_us_ticks
              reference :  gpio_init_out
              definition:  lcdPort
              reference :  port_write
              reference :  thread_sleep_for
              reference :  mbed::DigitalOut::DigitalOut__sub_object(PinName)
              reference :  mbed::PortOut::operator=(int)
              reference :  mbed::DigitalOut::write(int)
Loading object BUILD/NUCLEO_F103RB/ARMC6/mbed-os/cmsis/CMSIS_5/CMSIS/TARGET_CORTEX_M/Source/mbed_tz_context.o.
Loading object BUILD/NUCLEO_F103RB/ARMC6/mbed-os/drivers/source/AnalogIn.o.
              weak defn :  rtos::Mutex* core_util_atomic_load<rtos::Mutex>(rtos::Mutex* const*)
              weak defn :  void core_util_atomic_store<rtos::Mutex>(rtos::Mutex**, rtos::Mutex*)
              definition:  mbed::AnalogIn::read_voltage()
              definition:  mbed::AnalogIn::set_reference_voltage(float)
              weak defn :  mbed::AnalogIn::lock()
              definition:  mbed::AnalogIn::read()
              definition:  mbed::AnalogIn::_mutex
              weak defn :  mbed::AnalogIn::unlock()
              definition:  mbed::AnalogIn::read_u16()
              definition:  mbed::AnalogIn::AnalogIn(PinName, float)
              definition:  mbed::AnalogIn::AnalogIn(PinMap const&, float)
              definition:  mbed::AnalogIn::AnalogIn__sub_object(PinName, float)
[...]
              definition:  __free$2region
              definition:  __malloc$2region
              reference :  Image$$ARM_LIB_HEAP$$ZI$$Base
              reference :  Image$$ARM_LIB_HEAP$$ZI$$Limit
              reference :  __microlib_freelist
              reference :  __microlib_freelist_initialised
Loading member c:\Users\Íõ¿¥»Ô\AppData\Local\Mbed Studio\mbed-studio-tools\ac6\bin\..\lib\armlib\mc_w.l(mallocr2.o) from c:\Users\Íõ¿¥»Ô\AppData\Local\Mbed Studio\mbed-studio-tools\ac6\bin\..\lib\armlib\mc_w.l.
              definition:  __free$realloc$2region
              definition:  __malloc$realloc$2region
              definition:  __realloc$2region
              reference :  Image$$ARM_LIB_HEAP$$ZI$$Base
              reference :  Image$$ARM_LIB_HEAP$$ZI$$Limit
              reference :  __aeabi_memcpy
              reference :  __microlib_freelist
              reference :  __microlib_freelist_initialised
Loading member c:\Users\Íõ¿¥»Ô\AppData\Local\Mbed Studio\mbed-studio-tools\ac6\bin\..\lib\armlib\mc_w.l(malloca2.o) from c:\Users\Íõ¿¥»Ô\AppData\Local\Mbed Studio\mbed-studio-tools\ac6\bin\..\lib\armlib\mc_w.l.
              definition:  __aligned_malloc$2region
              definition:  __free$memalign$2region
              definition:  __malloc$memalign$2region
              reference :  Image$$ARM_LIB_HEAP$$ZI$$Base
              reference :  Image$$ARM_LIB_HEAP$$ZI$$Limit
              reference :  __microlib_freelist
              reference :  __microlib_freelist_initialised
Loading member c:\Users\Íõ¿¥»Ô\AppData\Local\Mbed Studio\mbed-studio-tools\ac6\bin\..\lib\armlib\mc_w.l(mallocra2.o) from c:\Users\Íõ¿¥»Ô\AppData\Local\Mbed Studio\mbed-studio-tools\ac6\bin\..\lib\armlib\mc_w.l.
              definition:  __aligned_malloc$realloc$2region
              definition:  __free$realloc$memalign$2region
              definition:  __malloc$realloc$memalign$2region
              definition:  __realloc$memalign$2region
              reference :  Image$$ARM_LIB_HEAP$$ZI$$Base
              reference :  Image$$ARM_LIB_HEAP$$ZI$$Limit
              reference :  __aeabi_memcpy
              reference :  __microlib_freelist
              reference :  __microlib_freelist_initialised
Loading member c:\Users\Íõ¿¥»Ô\AppData\Local\Mbed Studio\mbed-studio-tools\ac6\bin\..\lib\armlib\mc_w.l(errno.o) from c:\Users\Íõ¿¥»Ô\AppData\Local\Mbed Studio\mbed-studio-tools\ac6\bin\..\lib\armlib\mc_w.l.
              definition:  __aeabi_errno_addr
              definition:  __rt_errno_addr
              definition:  __read_errno
              definition:  __set_errno
Loading member c:\Users\Íõ¿¥»Ô\AppData\Local\Mbed Studio\mbed-studio-tools\ac6\bin\..\lib\armlib\mc_w.l(vsscanf.o) from c:\Users\Íõ¿¥»Ô\AppData\Local\Mbed Studio\mbed-studio-tools\ac6\bin\..\lib\armlib\mc_w.l.
              definition:  vsscanf
              reference :  __vfscanf_char
              reference :  _sbackspace
              reference :  _scanf_int
              reference :  _scanf_longlong
              reference :  _scanf_real
              reference :  _scanf_string
              reference :  _sgetc
Loading member c:\Users\Íõ¿¥»Ô\AppData\Local\Mbed Studio\mbed-studio-tools\ac6\bin\..\lib\armlib\mc_w.l(__0sscanf.o) from c:\Users\Íõ¿¥»Ô\AppData\Local\Mbed Studio\mbed-studio-tools\ac6\bin\..\lib\armlib\mc_w.l.
              definition:  __0sscanf
              reference :  __vfscanf_char
              reference :  _sbackspace
              reference :  _sgetc
Loading member c:\Users\Íõ¿¥»Ô\AppData\Local\Mbed Studio\mbed-studio-tools\ac6\bin\..\lib\armlib\mc_w.l(_scanf_int.o) from c:\Users\Íõ¿¥»Ô\AppData\Local\Mbed Studio\mbed-studio-tools\ac6\bin\..\lib\armlib\mc_w.l.
              definition:  _scanf_int
              reference :  _chval
Loading member c:\Users\Íõ¿¥»Ô\AppData\Local\Mbed Studio\mbed-studio-tools\ac6\bin\..\lib\armlib\mc_w.l(cpp_init.o) from c:\Users\Íõ¿¥»Ô\AppData\Local\Mbed Studio\mbed-studio-tools\ac6\bin\..\lib\armlib\mc_w.l.
              definition:  __cpp_initialize_dummy_init_array
              definition:  __cpp_initialize__aeabi_
              reference :  SHT$$INIT_ARRAY$$Base
              reference :  SHT$$INIT_ARRAY$$Limit
              reference :  __ARM_resolve_target1
              reference :  _main_cpp_init$empty
Loading member c:\Users\Íõ¿¥»Ô\AppData\Local\Mbed Studio\mbed-studio-tools\ac6\bin\..\lib\armlib\mf_w.l(fmul.o) from c:\Users\Íõ¿¥»Ô\AppData\Local\Mbed Studio\mbed-studio-tools\ac6\bin\..\lib\armlib\mf_w.l.
              definition:  __aeabi_fmul
              reference :  __I$use$fp
Loading member c:\Users\Íõ¿¥»Ô\AppData\Local\Mbed Studio\mbed-studio-tools\ac6\bin\..\lib\armlib\mf_w.l(fdiv.o) from c:\Users\Íõ¿¥»Ô\AppData\Local\Mbed Studio\mbed-studio-tools\ac6\bin\..\lib\armlib\mf_w.l.
              definition:  __aeabi_fdiv
              reference :  __I$use$fp
              reference :  _float_round
Loading member c:\Users\Íõ¿¥»Ô\AppData\Local\Mbed Studio\mbed-studio-tools\ac6\bin\..\lib\armlib\mf_w.l(dadd.o) from c:\Users\Íõ¿¥»Ô\AppData\Local\Mbed Studio\mbed-studio-tools\ac6\bin\..\lib\armlib\mf_w.l.
              definition:  __aeabi_dadd
              definition:  __aeabi_dsub
              definition:  __aeabi_drsub
              reference :  __I$use$fp
              reference :  __aeabi_lasr
              reference :  __aeabi_llsl
              reference :  _double_epilogue
              reference :  _double_round
Loading member c:\Users\Íõ¿¥»Ô\AppData\Local\Mbed Studio\mbed-studio-tools\ac6\bin\..\lib\armlib\mf_w.l(fcmple.o) from c:\Users\Íõ¿¥»Ô\AppData\Local\Mbed Studio\mbed-studio-tools\ac6\bin\..\lib\armlib\mf_w.l.
              definition:  __aeabi_fcmple
              reference :  __I$use$fp
Loading member c:\Users\Íõ¿¥»Ô\AppData\Local\Mbed Studio\mbed-studio-tools\ac6\bin\..\lib\armlib\mf_w.l(fcmplt.o) from c:\Users\Íõ¿¥»Ô\AppData\Local\Mbed Studio\mbed-studio-tools\ac6\bin\..\lib\armlib\mf_w.l.
              definition:  __aeabi_fcmplt
              reference :  __I$use$fp
Loading member c:\Users\Íõ¿¥»Ô\AppData\Local\Mbed Studio\mbed-studio-tools\ac6\bin\..\lib\armlib\mf_w.l(fcmpgt.o) from c:\Users\Íõ¿¥»Ô\AppData\Local\Mbed Studio\mbed-studio-tools\ac6\bin\..\lib\armlib\mf_w.l.
              definition:  __aeabi_fcmpgt
              reference :  __I$use$fp
Loading member c:\Users\Íõ¿¥»Ô\AppData\Local\Mbed Studio\mbed-studio-tools\ac6\bin\..\lib\armlib\mf_w.l(fflti.o) from c:\Users\Íõ¿¥»Ô\AppData\Local\Mbed Studio\mbed-studio-tools\ac6\bin\..\lib\armlib\mf_w.l.
              definition:  __aeabi_i2f
              reference :  __I$use$fp
              reference :  _float_epilogue
Loading member c:\Users\Íõ¿¥»Ô\AppData\Local\Mbed Studio\mbed-studio-tools\ac6\bin\..\lib\armlib\mf_w.l(ffltui.o) from c:\Users\Íõ¿¥»Ô\AppData\Local\Mbed Studio\mbed-studio-tools\ac6\bin\..\lib\armlib\mf_w.l.
              definition:  __aeabi_ui2f
              reference :  __I$use$fp
              reference :  _float_epilogue
Loading member c:\Users\Íõ¿¥»Ô\AppData\Local\Mbed Studio\mbed-studio-tools\ac6\bin\..\lib\armlib\mf_w.l(ffltl.o) from c:\Users\Íõ¿¥»Ô\AppData\Local\Mbed Studio\mbed-studio-tools\ac6\bin\..\lib\armlib\mf_w.l.
              definition:  __aeabi_l2f
              reference :  __I$use$fp
              reference :  _float_epilogue
Loading member c:\Users\Íõ¿¥»Ô\AppData\Local\Mbed Studio\mbed-studio-tools\ac6\bin\..\lib\armlib\mf_w.l(ffixi.o) from c:\Users\Íõ¿¥»Ô\AppData\Local\Mbed Studio\mbed-studio-tools\ac6\bin\..\lib\armlib\mf_w.l.
              definition:  __aeabi_f2iz
              reference :  __I$use$fp
Loading member c:\Users\Íõ¿¥»Ô\AppData\Local\Mbed Studio\mbed-studio-tools\ac6\bin\..\lib\armlib\mf_w.l(dfixui.o) from c:\Users\Íõ¿¥»Ô\AppData\Local\Mbed Studio\mbed-studio-tools\ac6\bin\..\lib\armlib\mf_w.l.
              definition:  __aeabi_d2uiz
              reference :  __I$use$fp
              reference :  __aeabi_llsr
Loading member c:\Users\Íõ¿¥»Ô\AppData\Local\Mbed Studio\mbed-studio-tools\ac6\bin\..\lib\armlib\mf_w.l(f2d.o) from c:\Users\Íõ¿¥»Ô\AppData\Local\Mbed Studio\mbed-studio-tools\ac6\bin\..\lib\armlib\mf_w.l.
              definition:  __aeabi_f2d
              reference :  __I$use$fp
Running selection script in mc_w.l to resolve __aeabi_memcpy.
Running selection script in mc_w.l to resolve __aeabi_uldivmod.
Running selection script in mc_w.l to resolve free.
Running selection script in mc_w.l to resolve malloc.
Running selection script in mc_w.l to resolve __stderr.
Running selection script in mc_w.l to resolve __stdout.
Running selection script in mc_w.l to resolve fputc.
Selecting member cxa_handlers.cpp.o(c:\Users\Íõ¿¥»Ô\AppData\Local\Mbed Studio\mbed-studio-tools\ac6\bin\..\lib\libcxx\libcppabi_w.l) to define std::get_new_handler().
Selecting member abort.o(c:\Users\Íõ¿¥»Ô\AppData\Local\Mbed Studio\mbed-studio-tools\ac6\bin\..\lib\armlib\mc_w.l) to define abort.
Selecting member memalign.o(c:\Users\Íõ¿¥»Ô\AppData\Local\Mbed Studio\mbed-studio-tools\ac6\bin\..\lib\armlib\mc_w.l) to define posix_memalign.
Selecting member abort_message.cpp.o(c:\Users\Íõ¿¥»Ô\AppData\Local\Mbed Studio\mbed-studio-tools\ac6\bin\..\lib\libcxx\libcppabi_w.l) to define abort_message.
Running selection script in mc_w.l to resolve __rt_final_cpp.
Selecting member entry10a.o(c:\Users\Íõ¿¥»Ô\AppData\Local\Mbed Studio\mbed-studio-tools\ac6\bin\..\lib\armlib\mc_w.l) to define __rt_final_cpp.
Selecting member entry10b.o(c:\Users\Íõ¿¥»Ô\AppData\Local\Mbed Studio\mbed-studio-tools\ac6\bin\..\lib\armlib\mc_w.l) to define __rt_final_cpp$nonempty.
Running selection script in mc_w.l to resolve __rt_final_exit.
Selecting member entry11a.o(c:\Users\Íõ¿¥»Ô\AppData\Local\Mbed Studio\mbed-studio-tools\ac6\bin\..\lib\armlib\mc_w.l) to define __rt_final_exit.
Selecting member entry11b.o(c:\Users\Íõ¿¥»Ô\AppData\Local\Mbed Studio\mbed-studio-tools\ac6\bin\..\lib\armlib\mc_w.l) to define __rt_final_exit$nonempty.
Running selection script in mc_w.l to resolve _main_clock.
Selecting member entry7a.o(c:\Users\Íõ¿¥»Ô\AppData\Local\Mbed Studio\mbed-studio-tools\ac6\bin\..\lib\armlib\mc_w.l) to define _main_clock.
Selecting member entry7b.o(c:\Users\Íõ¿¥»Ô\AppData\Local\Mbed Studio\mbed-studio-tools\ac6\bin\..\lib\armlib\mc_w.l) to define _main_clock$no_clock.
Running selection script in mc_w.l to resolve _main_cpp_init.
Selecting member entry8a.o(c:\Users\Íõ¿¥»Ô\AppData\Local\Mbed Studio\mbed-studio-tools\ac6\bin\..\lib\armlib\mc_w.l) to define _main_cpp_init.
Selecting member entry8b.o(c:\Users\Íõ¿¥»Ô\AppData\Local\Mbed Studio\mbed-studio-tools\ac6\bin\..\lib\armlib\mc_w.l) to define _main_cpp_init$empty.
Running selection script in mc_w.l to resolve _main_init.
Selecting member entry9a.o(c:\Users\Íõ¿¥»Ô\AppData\Local\Mbed Studio\mbed-studio-tools\ac6\bin\..\lib\armlib\mc_w.l) to define _main_init.
Selecting member entry9b.o(c:\Users\Íõ¿¥»Ô\AppData\Local\Mbed Studio\mbed-studio-tools\ac6\bin\..\lib\armlib\mc_w.l) to define _main_init$exit.
Selecting member entry5.o(c:\Users\Íõ¿¥»Ô\AppData\Local\Mbed Studio\mbed-studio-tools\ac6\bin\..\lib\armlib\mc_w.l) to define _main_scatterload.
Running selection script in mc_w.l to resolve _main_stk.
Selecting member entry4.o(c:\Users\Íõ¿¥»Ô\AppData\Local\Mbed Studio\mbed-studio-tools\ac6\bin\..\lib\armlib\mc_w.l) to define _main_stk$2region.
Running selection script in mc_w.l to resolve _initio.
Selecting member iusesemip.o(c:\Users\Íõ¿¥»Ô\AppData\Local\Mbed Studio\mbed-studio-tools\ac6\bin\..\lib\armlib\mc_w.l) to define __I$use$semihosting$fputc.
Selecting member semi.o(c:\Users\Íõ¿¥»Ô\AppData\Local\Mbed Studio\mbed-studio-tools\ac6\bin\..\lib\armlib\mc_w.l) to define __semihosting_library_function.
Selecting member llshl.o(c:\Users\Íõ¿¥»Ô\AppData\Local\Mbed Studio\mbed-studio-tools\ac6\bin\..\lib\armlib\mc_w.l) to define __aeabi_llsl.
Selecting member llushr.o(c:\Users\Íõ¿¥»Ô\AppData\Local\Mbed Studio\mbed-studio-tools\ac6\bin\..\lib\armlib\mc_w.l) to define __aeabi_llsr.
Running selection script in mc_w.l to resolve __aeabi_uidivmod.
Selecting member uidiv.o(c:\Users\Íõ¿¥»Ô\AppData\Local\Mbed Studio\mbed-studio-tools\ac6\bin\..\lib\armlib\mc_w.l) to define __aeabi_uidivmod.
Selecting member aeabi_sdiv.o(c:\Users\Íõ¿¥»Ô\AppData\Local\Mbed Studio\mbed-studio-tools\ac6\bin\..\lib\armlib\mc_w.l) to define __aeabi_uidivmod$standardlib.
Selecting member iusefp.o(c:\Users\Íõ¿¥»Ô\AppData\Local\Mbed Studio\mbed-studio-tools\ac6\bin\..\lib\armlib\mc_w.l) to define __I$use$fp.
Selecting member cdrcmple.o(c:\Users\Íõ¿¥»Ô\AppData\Local\Mbed Studio\mbed-studio-tools\ac6\bin\..\lib\armlib\mf_w.l) to define __aeabi_cdrcmple.
Selecting member dfixul.o(c:\Users\Íõ¿¥»Ô\AppData\Local\Mbed Studio\mbed-studio-tools\ac6\bin\..\lib\armlib\mf_w.l) to define __aeabi_d2ulz.
Selecting member ddiv.o(c:\Users\Íõ¿¥»Ô\AppData\Local\Mbed Studio\mbed-studio-tools\ac6\bin\..\lib\armlib\mf_w.l) to define __aeabi_ddiv.
Selecting member dmul.o(c:\Users\Íõ¿¥»Ô\AppData\Local\Mbed Studio\mbed-studio-tools\ac6\bin\..\lib\armlib\mf_w.l) to define __aeabi_dmul.
Selecting member mvars.o(c:\Users\Íõ¿¥»Ô\AppData\Local\Mbed Studio\mbed-studio-tools\ac6\bin\..\lib\armlib\mc_w.l) to define __microlib_freelist.
Selecting member mvars.o(c:\Users\Íõ¿¥»Ô\AppData\Local\Mbed Studio\mbed-studio-tools\ac6\bin\..\lib\armlib\mc_w.l) to define __microlib_freelist_initialised.
Selecting member scanf_char.o(c:\Users\Íõ¿¥»Ô\AppData\Local\Mbed Studio\mbed-studio-tools\ac6\bin\..\lib\armlib\mc_w.l) to define __vfscanf_char.
Selecting member _sgetc.o(c:\Users\Íõ¿¥»Ô\AppData\Local\Mbed Studio\mbed-studio-tools\ac6\bin\..\lib\armlib\mc_w.l) to define _sbackspace.
Selecting member _scanf_longlong.o(c:\Users\Íõ¿¥»Ô\AppData\Local\Mbed Studio\mbed-studio-tools\ac6\bin\..\lib\armlib\mc_w.l) to define _scanf_longlong.
Selecting member scanf_fp.o(c:\Users\Íõ¿¥»Ô\AppData\Local\Mbed Studio\mbed-studio-tools\ac6\bin\..\lib\armlib\mc_w.l) to define _scanf_real.
Selecting member _scanf_str.o(c:\Users\Íõ¿¥»Ô\AppData\Local\Mbed Studio\mbed-studio-tools\ac6\bin\..\lib\armlib\mc_w.l) to define _scanf_string.
Selecting member _sgetc.o(c:\Users\Íõ¿¥»Ô\AppData\Local\Mbed Studio\mbed-studio-tools\ac6\bin\..\lib\armlib\mc_w.l) to define _sgetc.
Selecting member _chval.o(c:\Users\Íõ¿¥»Ô\AppData\Local\Mbed Studio\mbed-studio-tools\ac6\bin\..\lib\armlib\mc_w.l) to define _chval.
Running selection script in mc_w.l to resolve __ARM_resolve_target1.
Selecting member __ARM_resolve_target1.o(c:\Users\Íõ¿¥»Ô\AppData\Local\Mbed Studio\mbed-studio-tools\ac6\bin\..\lib\armlib\mc_w.l) to define __ARM_resolve_target1.
Selecting member __ARM_resolve_target1_abs32.o(c:\Users\Íõ¿¥»Ô\AppData\Local\Mbed Studio\mbed-studio-tools\ac6\bin\..\lib\armlib\mc_w.l) to define __ARM_resolve_target1_abs32.
Selecting member entry8b.o(c:\Users\Íõ¿¥»Ô\AppData\Local\Mbed Studio\mbed-studio-tools\ac6\bin\..\lib\armlib\mc_w.l) to define _main_cpp_init$empty.
Selecting member fepilogue.o(c:\Users\Íõ¿¥»Ô\AppData\Local\Mbed Studio\mbed-studio-tools\ac6\bin\..\lib\armlib\mf_w.l) to define _float_round.
Selecting member llsshr.o(c:\Users\Íõ¿¥»Ô\AppData\Local\Mbed Studio\mbed-studio-tools\ac6\bin\..\lib\armlib\mc_w.l) to define __aeabi_lasr.
Selecting member depilogue.o(c:\Users\Íõ¿¥»Ô\AppData\Local\Mbed Studio\mbed-studio-tools\ac6\bin\..\lib\armlib\mf_w.l) to define _double_epilogue.
Selecting member depilogue.o(c:\Users\Íõ¿¥»Ô\AppData\Local\Mbed Studio\mbed-studio-tools\ac6\bin\..\lib\armlib\mf_w.l) to define _double_round.
Selecting member fepilogue.o(c:\Users\Íõ¿¥»Ô\AppData\Local\Mbed Studio\mbed-studio-tools\ac6\bin\..\lib\armlib\mf_w.l) to define _float_epilogue.
Loading member c:\Users\Íõ¿¥»Ô\AppData\Local\Mbed Studio\mbed-studio-tools\ac6\bin\..\lib\libcxx\libcppabi_w.l(cxa_handlers.cpp.o) from c:\Users\Íõ¿¥»Ô\AppData\Local\Mbed Studio\mbed-studio-tools\ac6\bin\..\lib\libcxx\libcppabi_w.l.
              definition:  std::unexpected()
              definition:  std::__terminate(void (*)())
              definition:  std::__unexpected(void (*)())
              definition:  std::get_terminate()
              definition:  std::get_unexpected()
              definition:  std::get_new_handler()
              definition:  std::set_new_handler(void (*)())
              definition:  std::terminate()
              definition:  __cxa_new_handler
              reference :  __cxa_terminate_handler
              reference :  __cxa_unexpected_handler
              reference :  abort_message
Loading member c:\Users\Íõ¿¥»Ô\AppData\Local\Mbed Studio\mbed-studio-tools\ac6\bin\..\lib\libcxx\libcppabi_w.l(abort_message.cpp.o) from c:\Users\Íõ¿¥»Ô\AppData\Local\Mbed Studio\mbed-studio-tools\ac6\bin\..\lib\libcxx\libcppabi_w.l.
              reference :  abort
              definition:  abort_message
Loading member c:\Users\Íõ¿¥»Ô\AppData\Local\Mbed Studio\mbed-studio-tools\ac6\bin\..\lib\armlib\mc_w.l(entry4.o) from c:\Users\Íõ¿¥»Ô\AppData\Local\Mbed Studio\mbed-studio-tools\ac6\bin\..\lib\armlib\mc_w.l.
              definition:  _main_stk$2region
              definition:  __vectab_stack_and_reset
              reference :  Image$$ARM_LIB_STACK$$ZI$$Limit
              reference :  __main
Loading member c:\Users\Íõ¿¥»Ô\AppData\Local\Mbed Studio\mbed-studio-tools\ac6\bin\..\lib\armlib\mc_w.l(entry5.o) from c:\Users\Íõ¿¥»Ô\AppData\Local\Mbed Studio\mbed-studio-tools\ac6\bin\..\lib\armlib\mc_w.l.
              definition:  _main_scatterload
              definition:  __main_after_scatterload
              reference :  __scatterload
Loading member c:\Users\Íõ¿¥»Ô\AppData\Local\Mbed Studio\mbed-studio-tools\ac6\bin\..\lib\armlib\mc_w.l(entry7a.o) from c:\Users\Íõ¿¥»Ô\AppData\Local\Mbed Studio\mbed-studio-tools\ac6\bin\..\lib\armlib\mc_w.l.
              definition:  _main_clock
              weak ref  :  _clock_init
Loading member c:\Users\Íõ¿¥»Ô\AppData\Local\Mbed Studio\mbed-studio-tools\ac6\bin\..\lib\armlib\mc_w.l(entry7b.o) from c:\Users\Íõ¿¥»Ô\AppData\Local\Mbed Studio\mbed-studio-tools\ac6\bin\..\lib\armlib\mc_w.l.
              definition:  _main_clock$no_clock
Loading member c:\Users\Íõ¿¥»Ô\AppData\Local\Mbed Studio\mbed-studio-tools\ac6\bin\..\lib\armlib\mc_w.l(entry8a.o) from c:\Users\Íõ¿¥»Ô\AppData\Local\Mbed Studio\mbed-studio-tools\ac6\bin\..\lib\armlib\mc_w.l.
              definition:  _main_cpp_init
              weak ref  :  __cpp_initialize__aeabi_
Loading member c:\Users\Íõ¿¥»Ô\AppData\Local\Mbed Studio\mbed-studio-tools\ac6\bin\..\lib\armlib\mc_w.l(entry8b.o) from c:\Users\Íõ¿¥»Ô\AppData\Local\Mbed Studio\mbed-studio-tools\ac6\bin\..\lib\armlib\mc_w.l.
              definition:  _main_cpp_init$empty
Loading member c:\Users\Íõ¿¥»Ô\AppData\Local\Mbed Studio\mbed-studio-tools\ac6\bin\..\lib\armlib\mc_w.l(entry9a.o) from c:\Users\Íõ¿¥»Ô\AppData\Local\Mbed Studio\mbed-studio-tools\ac6\bin\..\lib\armlib\mc_w.l.
              definition:  _main_init
              reference :  main
Loading member c:\Users\Íõ¿¥»Ô\AppData\Local\Mbed Studio\mbed-studio-tools\ac6\bin\..\lib\armlib\mc_w.l(entry9b.o) from c:\Users\Íõ¿¥»Ô\AppData\Local\Mbed Studio\mbed-studio-tools\ac6\bin\..\lib\armlib\mc_w.l.
              definition:  _main_init$exit
              reference :  main
Loading member c:\Users\Íõ¿¥»Ô\AppData\Local\Mbed Studio\mbed-studio-tools\ac6\bin\..\lib\armlib\mc_w.l(entry10a.o) from c:\Users\Íõ¿¥»Ô\AppData\Local\Mbed Studio\mbed-studio-tools\ac6\bin\..\lib\armlib\mc_w.l.
              definition:  __rt_final_cpp
Loading member c:\Users\Íõ¿¥»Ô\AppData\Local\Mbed Studio\mbed-studio-tools\ac6\bin\..\lib\armlib\mc_w.l(entry10b.o) from c:\Users\Íõ¿¥»Ô\AppData\Local\Mbed Studio\mbed-studio-tools\ac6\bin\..\lib\armlib\mc_w.l.
              definition:  __rt_final_cpp$nonempty
              weak ref  :  __cxa_finalize
Loading member c:\Users\Íõ¿¥»Ô\AppData\Local\Mbed Studio\mbed-studio-tools\ac6\bin\..\lib\armlib\mc_w.l(entry11a.o) from c:\Users\Íõ¿¥»Ô\AppData\Local\Mbed Studio\mbed-studio-tools\ac6\bin\..\lib\armlib\mc_w.l.
              definition:  __rt_final_exit
Loading member c:\Users\Íõ¿¥»Ô\AppData\Local\Mbed Studio\mbed-studio-tools\ac6\bin\..\lib\armlib\mc_w.l(entry11b.o) from c:\Users\Íõ¿¥»Ô\AppData\Local\Mbed Studio\mbed-studio-tools\ac6\bin\..\lib\armlib\mc_w.l.
              definition:  __rt_final_exit$nonempty
              weak ref  :  _microlib_exit
Loading member c:\Users\Íõ¿¥»Ô\AppData\Local\Mbed Studio\mbed-studio-tools\ac6\bin\..\lib\armlib\mc_w.l(semi.o) from c:\Users\Íõ¿¥»Ô\AppData\Local\Mbed Studio\mbed-studio-tools\ac6\bin\..\lib\armlib\mc_w.l.
              definition:  __semihosting_library_function
Loading member c:\Users\Íõ¿¥»Ô\AppData\Local\Mbed Studio\mbed-studio-tools\ac6\bin\..\lib\armlib\mc_w.l(aeabi_sdiv.o) from c:\Users\Íõ¿¥»Ô\AppData\Local\Mbed Studio\mbed-studio-tools\ac6\bin\..\lib\armlib\mc_w.l.
              definition:  __aeabi_idiv$standardlib
              definition:  __aeabi_idivmod$standardlib
              definition:  __aeabi_uidiv$standardlib
              definition:  __aeabi_uidivmod$standardlib
Loading member c:\Users\Íõ¿¥»Ô\AppData\Local\Mbed Studio\mbed-studio-tools\ac6\bin\..\lib\armlib\mc_w.l(uidiv.o) from c:\Users\Íõ¿¥»Ô\AppData\Local\Mbed Studio\mbed-studio-tools\ac6\bin\..\lib\armlib\mc_w.l.
              definition:  __aeabi_uidiv
              definition:  __aeabi_uidivmod
Loading member c:\Users\Íõ¿¥»Ô\AppData\Local\Mbed Studio\mbed-studio-tools\ac6\bin\..\lib\armlib\mc_w.l(llshl.o) from c:\Users\Íõ¿¥»Ô\AppData\Local\Mbed Studio\mbed-studio-tools\ac6\bin\..\lib\armlib\mc_w.l.
              definition:  __aeabi_llsl
              definition:  _ll_shift_l
Loading member c:\Users\Íõ¿¥»Ô\AppData\Local\Mbed Studio\mbed-studio-tools\ac6\bin\..\lib\armlib\mc_w.l(llushr.o) from c:\Users\Íõ¿¥»Ô\AppData\Local\Mbed Studio\mbed-studio-tools\ac6\bin\..\lib\armlib\mc_w.l.
              definition:  __aeabi_llsr
              definition:  _ll_ushift_r
Loading member c:\Users\Íõ¿¥»Ô\AppData\Local\Mbed Studio\mbed-studio-tools\ac6\bin\..\lib\armlib\mc_w.l(llsshr.o) from c:\Users\Íõ¿¥»Ô\AppData\Local\Mbed Studio\mbed-studio-tools\ac6\bin\..\lib\armlib\mc_w.l.
              definition:  __aeabi_lasr
              definition:  _ll_sshift_r
Loading member c:\Users\Íõ¿¥»Ô\AppData\Local\Mbed Studio\mbed-studio-tools\ac6\bin\..\lib\armlib\mc_w.l(abort.o) from c:\Users\Íõ¿¥»Ô\AppData\Local\Mbed Studio\mbed-studio-tools\ac6\bin\..\lib\armlib\mc_w.l.
              definition:  abort
Loading member c:\Users\Íõ¿¥»Ô\AppData\Local\Mbed Studio\mbed-studio-tools\ac6\bin\..\lib\armlib\mc_w.l(memalign.o) from c:\Users\Íõ¿¥»Ô\AppData\Local\Mbed Studio\mbed-studio-tools\ac6\bin\..\lib\armlib\mc_w.l.
              definition:  posix_memalign
              reference :  __aligned_malloc
Loading member c:\Users\Íõ¿¥»Ô\AppData\Local\Mbed Studio\mbed-studio-tools\ac6\bin\..\lib\armlib\mc_w.l(mvars.o) from c:\Users\Íõ¿¥»Ô\AppData\Local\Mbed Studio\mbed-studio-tools\ac6\bin\..\lib\armlib\mc_w.l.
              definition:  __microlib_freelist
              definition:  __microlib_freelist_initialised
Loading member c:\Users\Íõ¿¥»Ô\AppData\Local\Mbed Studio\mbed-studio-tools\ac6\bin\..\lib\armlib\mc_w.l(_chval.o) from c:\Users\Íõ¿¥»Ô\AppData\Local\Mbed Studio\mbed-studio-tools\ac6\bin\..\lib\armlib\mc_w.l.
              definition:  _chval
Loading member c:\Users\Íõ¿¥»Ô\AppData\Local\Mbed Studio\mbed-studio-tools\ac6\bin\..\lib\armlib\mc_w.l(_scanf_longlong.o) from c:\Users\Íõ¿¥»Ô\AppData\Local\Mbed Studio\mbed-studio-tools\ac6\bin\..\lib\armlib\mc_w.l.
              definition:  _scanf_longlong
              reference :  _chval
Loading member c:\Users\Íõ¿¥»Ô\AppData\Local\Mbed Studio\mbed-studio-tools\ac6\bin\..\lib\armlib\mc_w.l(_scanf_str.o) from c:\Users\Íõ¿¥»Ô\AppData\Local\Mbed Studio\mbed-studio-tools\ac6\bin\..\lib\armlib\mc_w.l.
              definition:  _scanf_string
Loading member c:\Users\Íõ¿¥»Ô\AppData\Local\Mbed Studio\mbed-studio-tools\ac6\bin\..\lib\armlib\mc_w.l(scanf_fp.o) from c:\Users\Íõ¿¥»Ô\AppData\Local\Mbed Studio\mbed-studio-tools\ac6\bin\..\lib\armlib\mc_w.l.
              definition:  __ARM_grp_.debug_frame$_is_digit
              definition:  _scanf_real
              definition:  _scanf_really_real
              definition:  _is_digit
              reference :  __I$use$fp
              reference :  __I$use$fp
              reference :  __aeabi_d2f
              reference :  __aeabi_ddiv
              reference :  __aeabi_dmul
              reference :  __aeabi_ul2d
Loading member c:\Users\Íõ¿¥»Ô\AppData\Local\Mbed Studio\mbed-studio-tools\ac6\bin\..\lib\armlib\mc_w.l(scanf_char.o) from c:\Users\Íõ¿¥»Ô\AppData\Local\Mbed Studio\mbed-studio-tools\ac6\bin\..\lib\armlib\mc_w.l.
              definition:  __vfscanf_char
              reference :  __vfscanf
              reference :  isspace
Loading member c:\Users\Íõ¿¥»Ô\AppData\Local\Mbed Studio\mbed-studio-tools\ac6\bin\..\lib\armlib\mc_w.l(_sgetc.o) from c:\Users\Íõ¿¥»Ô\AppData\Local\Mbed Studio\mbed-studio-tools\ac6\bin\..\lib\armlib\mc_w.l.
              definition:  _sgetc
              definition:  _sbackspace
Loading member c:\Users\Íõ¿¥»Ô\AppData\Local\Mbed Studio\mbed-studio-tools\ac6\bin\..\lib\armlib\mc_w.l(iusefp.o) from c:\Users\Íõ¿¥»Ô\AppData\Local\Mbed Studio\mbed-studio-tools\ac6\bin\..\lib\armlib\mc_w.l.
              definition:  __I$use$fp
Loading member c:\Users\Íõ¿¥»Ô\AppData\Local\Mbed Studio\mbed-studio-tools\ac6\bin\..\lib\armlib\mc_w.l(iusesemip.o) from c:\Users\Íõ¿¥»Ô\AppData\Local\Mbed Studio\mbed-studio-tools\ac6\bin\..\lib\armlib\mc_w.l.
              definition:  __I$use$semihosting$fputc
Loading member c:\Users\Íõ¿¥»Ô\AppData\Local\Mbed Studio\mbed-studio-tools\ac6\bin\..\lib\armlib\mc_w.l(__ARM_resolve_target1.o) from c:\Users\Íõ¿¥»Ô\AppData\Local\Mbed Studio\mbed-studio-tools\ac6\bin\..\lib\armlib\mc_w.l.
              definition:  __ARM_resolve_target1
Loading member c:\Users\Íõ¿¥»Ô\AppData\Local\Mbed Studio\mbed-studio-tools\ac6\bin\..\lib\armlib\mc_w.l(__ARM_resolve_target1_abs32.o) from c:\Users\Íõ¿¥»Ô\AppData\Local\Mbed Studio\mbed-studio-tools\ac6\bin\..\lib\armlib\mc_w.l.
              definition:  __ARM_resolve_target1_abs32
Loading member c:\Users\Íõ¿¥»Ô\AppData\Local\Mbed Studio\mbed-studio-tools\ac6\bin\..\lib\armlib\mf_w.l(fepilogue.o) from c:\Users\Íõ¿¥»Ô\AppData\Local\Mbed Studio\mbed-studio-tools\ac6\bin\..\lib\armlib\mf_w.l.
              definition:  _float_round
              definition:  _float_epilogue
              reference :  __I$use$fp
Loading member c:\Users\Íõ¿¥»Ô\AppData\Local\Mbed Studio\mbed-studio-tools\ac6\bin\..\lib\armlib\mf_w.l(depilogue.o) from c:\Users\Íõ¿¥»Ô\AppData\Local\Mbed Studio\mbed-studio-tools\ac6\bin\..\lib\armlib\mf_w.l.
              definition:  _double_round
              definition:  _double_epilogue
              reference :  __I$use$fp
              reference :  __aeabi_llsl
              reference :  __aeabi_llsr
Loading member c:\Users\Íõ¿¥»Ô\AppData\Local\Mbed Studio\mbed-studio-tools\ac6\bin\..\lib\armlib\mf_w.l(dmul.o) from c:\Users\Íõ¿¥»Ô\AppData\Local\Mbed Studio\mbed-studio-tools\ac6\bin\..\lib\armlib\mf_w.l.
              definition:  __aeabi_dmul
              reference :  __I$use$fp
              reference :  _double_epilogue
Loading member c:\Users\Íõ¿¥»Ô\AppData\Local\Mbed Studio\mbed-studio-tools\ac6\bin\..\lib\armlib\mf_w.l(ddiv.o) from c:\Users\Íõ¿¥»Ô\AppData\Local\Mbed Studio\mbed-studio-tools\ac6\bin\..\lib\armlib\mf_w.l.
              definition:  __aeabi_ddiv
              reference :  __I$use$fp
              reference :  _double_round
Loading member c:\Users\Íõ¿¥»Ô\AppData\Local\Mbed Studio\mbed-studio-tools\ac6\bin\..\lib\armlib\mf_w.l(dfixul.o) from c:\Users\Íõ¿¥»Ô\AppData\Local\Mbed Studio\mbed-studio-tools\ac6\bin\..\lib\armlib\mf_w.l.
              definition:  __aeabi_d2ulz
              reference :  __I$use$fp
              reference :  __aeabi_llsl
              reference :  __aeabi_llsr
Loading member c:\Users\Íõ¿¥»Ô\AppData\Local\Mbed Studio\mbed-studio-tools\ac6\bin\..\lib\armlib\mf_w.l(cdrcmple.o) from c:\Users\Íõ¿¥»Ô\AppData\Local\Mbed Studio\mbed-studio-tools\ac6\bin\..\lib\armlib\mf_w.l.
              definition:  __aeabi_cdrcmple
              reference :  __I$use$fp
Selecting member cxa_default_handlers.cpp.o(c:\Users\Íõ¿¥»Ô\AppData\Local\Mbed Studio\mbed-studio-tools\ac6\bin\..\lib\libcxx\libcppabi_w.l) to define __cxa_terminate_handler.
Selecting member cxa_default_handlers.cpp.o(c:\Users\Íõ¿¥»Ô\AppData\Local\Mbed Studio\mbed-studio-tools\ac6\bin\..\lib\libcxx\libcppabi_w.l) to define __cxa_unexpected_handler.
Selecting member init.o(c:\Users\Íõ¿¥»Ô\AppData\Local\Mbed Studio\mbed-studio-tools\ac6\bin\..\lib\armlib\mc_w.l) to define __scatterload.
Running selection script in mc_w.l to resolve __aligned_malloc.
Selecting member d2f.o(c:\Users\Íõ¿¥»Ô\AppData\Local\Mbed Studio\mbed-studio-tools\ac6\bin\..\lib\armlib\mf_w.l) to define __aeabi_d2f.
Selecting member dfltul.o(c:\Users\Íõ¿¥»Ô\AppData\Local\Mbed Studio\mbed-studio-tools\ac6\bin\..\lib\armlib\mf_w.l) to define __aeabi_ul2d.
Selecting member _scanf.o(c:\Users\Íõ¿¥»Ô\AppData\Local\Mbed Studio\mbed-studio-tools\ac6\bin\..\lib\armlib\mc_w.l) to define __vfscanf.
Running selection script in mc_w.l to resolve isspace.
Selecting member isspace_c.o(c:\Users\Íõ¿¥»Ô\AppData\Local\Mbed Studio\mbed-studio-tools\ac6\bin\..\lib\armlib\mc_w.l) to define isspace.
Loading member c:\Users\Íõ¿¥»Ô\AppData\Local\Mbed Studio\mbed-studio-tools\ac6\bin\..\lib\libcxx\libcppabi_w.l(cxa_default_handlers.cpp.o) from c:\Users\Íõ¿¥»Ô\AppData\Local\Mbed Studio\mbed-studio-tools\ac6\bin\..\lib\libcxx\libcppabi_w.l.
              definition:  std::set_terminate(void (*)())
              definition:  std::set_unexpected(void (*)())
              reference :  std::terminate()
              definition:  __cxa_terminate_handler
              definition:  __cxa_unexpected_handler
              reference :  abort
Loading member c:\Users\Íõ¿¥»Ô\AppData\Local\Mbed Studio\mbed-studio-tools\ac6\bin\..\lib\armlib\mc_w.l(init.o) from c:\Users\Íõ¿¥»Ô\AppData\Local\Mbed Studio\mbed-studio-tools\ac6\bin\..\lib\armlib\mc_w.l.
              definition:  __scatterload
              definition:  __scatterload_rt2
              reference :  Region$$Table$$Base
              reference :  Region$$Table$$Limit
              reference :  __main_after_scatterload
              weak ref  :  __decompress
Loading member c:\Users\Íõ¿¥»Ô\AppData\Local\Mbed Studio\mbed-studio-tools\ac6\bin\..\lib\armlib\mc_w.l(isspace_c.o) from c:\Users\Íõ¿¥»Ô\AppData\Local\Mbed Studio\mbed-studio-tools\ac6\bin\..\lib\armlib\mc_w.l.
              definition:  isspace
              reference :  __ctype_lookup
Loading member c:\Users\Íõ¿¥»Ô\AppData\Local\Mbed Studio\mbed-studio-tools\ac6\bin\..\lib\armlib\mc_w.l(_scanf.o) from c:\Users\Íõ¿¥»Ô\AppData\Local\Mbed Studio\mbed-studio-tools\ac6\bin\..\lib\armlib\mc_w.l.
              definition:  __vfscanf
              weak ref  :  _scanf_int
              weak ref  :  _scanf_longlong
              weak ref  :  _scanf_real
              weak ref  :  _scanf_string
Loading member c:\Users\Íõ¿¥»Ô\AppData\Local\Mbed Studio\mbed-studio-tools\ac6\bin\..\lib\armlib\mf_w.l(dfltul.o) from c:\Users\Íõ¿¥»Ô\AppData\Local\Mbed Studio\mbed-studio-tools\ac6\bin\..\lib\armlib\mf_w.l.
              definition:  __aeabi_ul2d
              reference :  __I$use$fp
              reference :  _double_epilogue
Loading member c:\Users\Íõ¿¥»Ô\AppData\Local\Mbed Studio\mbed-studio-tools\ac6\bin\..\lib\armlib\mf_w.l(d2f.o) from c:\Users\Íõ¿¥»Ô\AppData\Local\Mbed Studio\mbed-studio-tools\ac6\bin\..\lib\armlib\mf_w.l.
              definition:  __aeabi_d2f
              reference :  __I$use$fp
              reference :  _float_round
Selecting member ctype_c.o(c:\Users\Íõ¿¥»Ô\AppData\Local\Mbed Studio\mbed-studio-tools\ac6\bin\..\lib\armlib\mc_w.l) to define __ctype_lookup.
Loading member c:\Users\Íõ¿¥»Ô\AppData\Local\Mbed Studio\mbed-studio-tools\ac6\bin\..\lib\armlib\mc_w.l(ctype_c.o) from c:\Users\Íõ¿¥»Ô\AppData\Local\Mbed Studio\mbed-studio-tools\ac6\bin\..\lib\armlib\mc_w.l.
              definition:  __ctype_categories
              definition:  __ctype_lookup
Cleaning up Comdat Group Sections
Renaming symbol free to __free$base.
Renaming symbol __free$memalign$2region to free.
Renaming symbol malloc to __malloc$base.
Renaming symbol __malloc$memalign$2region to malloc.
Renaming symbol puts to _puts$base.
Renaming symbol _puts$fputc_errors to puts.
Renaming symbol __stderr to ___stderr$base.
Renaming symbol ___stderr$full to __stderr.
Renaming symbol __stdout to ___stdout$base.
Renaming symbol ___stdout$full to __stdout.
Renaming symbol __use_full_stdio to __use_full_stdio$unused.
Renaming symbol __use_full_stdio$initio to __use_full_stdio.
Renaming symbol fflush to _fflush$base.
Renaming symbol _fflush$full to fflush.
Renaming symbol fputc to _fputc$base.
Renaming symbol _fputc$full$pos to fputc.
Renaming symbol _main_clock to _main_clock$temp.
Renaming symbol _main_clock$no_clock to _main_clock.
Renaming symbol _main_stk to _main_stk$base.
Renaming symbol _main_stk$2region to _main_stk.
Renaming symbol _initio to __initio$base.
Renaming symbol _initio$stdout$stderr to _initio.
Renaming symbol __aligned_malloc to __aligned_malloc$base.
Renaming symbol __aligned_malloc$2region to __aligned_malloc.
Resolving $Sub$$ and $Super$$ Symbols.
              definition:  $Super$$__cpp_initialize__aeabi_
              definition:  $Super$$main
              definition:  BuildAttributes$$THM_ISAv4$P$D$K$B$S$PE$A:L22UL41UL21$X:L11$S22US41US21$IEEE1$IW$~IW$USESV6$~STKCKD$USESV7$~SHL$OTIME$ROPI$EBA8$MICROLIB$REQ8$PRES8$EABIv2
Building image.
Checking duplicate symbol definitions
Using Worst Fit .ANY placement algorithm.
              reference :  __scatterload_copy
              reference :  __scatterload_zeroinit
              reference :  __scatterload_null
Choosing data area compressor
Data area too small to benefit from compression.
Selecting member handlers.o(c:\Users\Íõ¿¥»Ô\AppData\Local\Mbed Studio\mbed-studio-tools\ac6\bin\..\lib\armlib\mc_w.l) to define __scatterload_copy.
Selecting member handlers.o(c:\Users\Íõ¿¥»Ô\AppData\Local\Mbed Studio\mbed-studio-tools\ac6\bin\..\lib\armlib\mc_w.l) to define __scatterload_zeroinit.
Selecting member handlers.o(c:\Users\Íõ¿¥»Ô\AppData\Local\Mbed Studio\mbed-studio-tools\ac6\bin\..\lib\armlib\mc_w.l) to define __scatterload_null.
Loading member c:\Users\Íõ¿¥»Ô\AppData\Local\Mbed Studio\mbed-studio-tools\ac6\bin\..\lib\armlib\mc_w.l(handlers.o) from c:\Users\Íõ¿¥»Ô\AppData\Local\Mbed Studio\mbed-studio-tools\ac6\bin\..\lib\armlib\mc_w.l.
              definition:  __scatterload_copy
              definition:  __scatterload_null
              definition:  __scatterload_zeroinit
Resolving $Sub$$ and $Super$$ Symbols.
Patching/Reducing relocations
Creating output file BUILD/NUCLEO_F103RB/ARMC6/Lab5.elf.

==============================================================================

Memory Map of the image

  Image Entry point : 0x080000ed

  Load Region LR_IROM1 (Base: 0x08000000, Size: 0x00005508, Max: 0x00020000, ABSOLUTE)

    Execution Region ER_IROM1 (Base: 0x08000000, Size: 0x000054f0, Max: 0x00020000, ABSOLUTE)

    Base Addr    Size         Type   Attr      Idx    E Section Name        Object

    0x08000000   0x000000ec   Data   RO         6078    RESET               BUILD/NUCLEO_F103RB/ARMC6/mbed-os/targets/TARGET_STM/TARGET_STM32F1/TARGET_STM32F103xB/TOOLCHAIN_ARM/startup_stm32f103xb.o
    0x080000ec   0x00000000   Code   RO         6964  * .ARM.Collect$$$$00000000  c:\Users\Íõ¿¥»Ô\AppData\Local\Mbed Studio\mbed-studio-tools\ac6\bin\..\lib\armlib\mc_w.l(entry.o)
    0x080000ec   0x00000004   Code   RO         7369    .ARM.Collect$$$$00000003  c:\Users\Íõ¿¥»Ô\AppData\Local\Mbed Studio\mbed-studio-tools\ac6\bin\..\lib\armlib\mc_w.l(entry4.o)
    0x080000f0   0x00000004   Code   RO         7372    .ARM.Collect$$$$00000004  c:\Users\Íõ¿¥»Ô\AppData\Local\Mbed Studio\mbed-studio-tools\ac6\bin\..\lib\armlib\mc_w.l(entry5.o)
    0x080000f4   0x00000004   Code   RO         6966    .ARM.Collect$$$$00000006  c:\Users\Íõ¿¥»Ô\AppData\Local\Mbed Studio\mbed-studio-tools\ac6\bin\..\lib\armlib\mc_w.l(entry6b.o)
    0x080000f8   0x00000000   Code   RO         7374    .ARM.Collect$$$$00000008  c:\Users\Íõ¿¥»Ô\AppData\Local\Mbed Studio\mbed-studio-tools\ac6\bin\..\lib\armlib\mc_w.l(entry7b.o)
    0x080000f8   0x00000004   Code   RO         7375    .ARM.Collect$$$$00000009  c:\Users\Íõ¿¥»Ô\AppData\Local\Mbed Studio\mbed-studio-tools\ac6\bin\..\lib\armlib\mc_w.l(entry8a.o)
    0x080000fc   0x00000000   Code   RO         7376    .ARM.Collect$$$$0000000A  c:\Users\Íõ¿¥»Ô\AppData\Local\Mbed Studio\mbed-studio-tools\ac6\bin\..\lib\armlib\mc_w.l(entry8b.o)
    0x080000fc   0x00000008   Code   RO         7377    .ARM.Collect$$$$0000000B  c:\Users\Íõ¿¥»Ô\AppData\Local\Mbed Studio\mbed-studio-tools\ac6\bin\..\lib\armlib\mc_w.l(entry9a.o)
    0x08000104   0x00000000   Code   RO         7379    .ARM.Collect$$$$0000000D  c:\Users\Íõ¿¥»Ô\AppData\Local\Mbed Studio\mbed-studio-tools\ac6\bin\..\lib\armlib\mc_w.l(entry10a.o)
    0x08000104   0x00000000   Code   RO         7381    .ARM.Collect$$$$0000000F  c:\Users\Íõ¿¥»Ô\AppData\Local\Mbed Studio\mbed-studio-tools\ac6\bin\..\lib\armlib\mc_w.l(entry11a.o)
    0x08000104   0x00000004   Code   RO         7370    .ARM.Collect$$$$00002714  c:\Users\Íõ¿¥»Ô\AppData\Local\Mbed Studio\mbed-studio-tools\ac6\bin\..\lib\armlib\mc_w.l(entry4.o)
    0x08000108   0x0000005c   Code   RO         2238    .text               BUILD/NUCLEO_F103RB/ARMC6/mbed-os/platform/source/TARGET_CORTEX_M/TOOLCHAIN_ARM/except.o
    0x08000164   0x00000024   Code   RO         6079    .text               BUILD/NUCLEO_F103RB/ARMC6/mbed-os/targets/TARGET_STM/TARGET_STM32F1/TARGET_STM32F103xB/TOOLCHAIN_ARM/startup_stm32f103xb.o
    0x08000188   0x00000020   Code   RO         6977    .text               c:\Users\Íõ¿¥»Ô\AppData\Local\Mbed Studio\mbed-studio-tools\ac6\bin\..\lib\armlib\mc_w.l(initio_oe.o)
    0x080001a8   0x00000028   Code   RO         6983    .text               c:\Users\Íõ¿¥»Ô\AppData\Local\Mbed Studio\mbed-studio-tools\ac6\bin\..\lib\armlib\mc_w.l(fputc_fp.o)
    0x080001d0   0x00000062   Code   RO         6993    .text               c:\Users\Íõ¿¥»Ô\AppData\Local\Mbed Studio\mbed-studio-tools\ac6\bin\..\lib\armlib\mc_w.l(uldiv.o)
    0x08000232   0x00000024   Code   RO         6997    .text               c:\Users\Íõ¿¥»Ô\AppData\Local\Mbed Studio\mbed-studio-tools\ac6\bin\..\lib\armlib\mc_w.l(memcpya.o)
    0x08000256   0x00000024   Code   RO         6999    .text               c:\Users\Íõ¿¥»Ô\AppData\Local\Mbed Studio\mbed-studio-tools\ac6\bin\..\lib\armlib\mc_w.l(memseta.o)
    0x0800027a   0x0000001c   Code   RO         7007    .text               c:\Users\Íõ¿¥»Ô\AppData\Local\Mbed Studio\mbed-studio-tools\ac6\bin\..\lib\armlib\mc_w.l(strcmp.o)
    0x08000296   0x00000002   PAD
    0x08000298   0x00000020   Code   RO         7320    .text               c:\Users\Íõ¿¥»Ô\AppData\Local\Mbed Studio\mbed-studio-tools\ac6\bin\..\lib\armlib\mc_w.l(cpp_init.o)
    0x080002b8   0x0000014e   Code   RO         7326    .text               c:\Users\Íõ¿¥»Ô\AppData\Local\Mbed Studio\mbed-studio-tools\ac6\bin\..\lib\armlib\mf_w.l(dadd.o)
    0x08000406   0x0000002c   Code   RO         7393    .text               c:\Users\Íõ¿¥»Ô\AppData\Local\Mbed Studio\mbed-studio-tools\ac6\bin\..\lib\armlib\mc_w.l(uidiv.o)
    0x08000432   0x0000001e   Code   RO         7395    .text               c:\Users\Íõ¿¥»Ô\AppData\Local\Mbed Studio\mbed-studio-tools\ac6\bin\..\lib\armlib\mc_w.l(llshl.o)
    0x08000450   0x00000020   Code   RO         7397    .text               c:\Users\Íõ¿¥»Ô\AppData\Local\Mbed Studio\mbed-studio-tools\ac6\bin\..\lib\armlib\mc_w.l(llushr.o)
    0x08000470   0x00000024   Code   RO         7399    .text               c:\Users\Íõ¿¥»Ô\AppData\Local\Mbed Studio\mbed-studio-tools\ac6\bin\..\lib\armlib\mc_w.l(llsshr.o)
    0x08000494   0x00000000   Code   RO         7421    .text               c:\Users\Íõ¿¥»Ô\AppData\Local\Mbed Studio\mbed-studio-tools\ac6\bin\..\lib\armlib\mc_w.l(iusefp.o)
    0x08000494   0x000000ba   Code   RO         7429    .text               c:\Users\Íõ¿¥»Ô\AppData\Local\Mbed Studio\mbed-studio-tools\ac6\bin\..\lib\armlib\mf_w.l(depilogue.o)
    0x0800054e   0x000000e4   Code   RO         7431    .text               c:\Users\Íõ¿¥»Ô\AppData\Local\Mbed Studio\mbed-studio-tools\ac6\bin\..\lib\armlib\mf_w.l(dmul.o)
    0x08000632   0x000000de   Code   RO         7433    .text               c:\Users\Íõ¿¥»Ô\AppData\Local\Mbed Studio\mbed-studio-tools\ac6\bin\..\lib\armlib\mf_w.l(ddiv.o)
    0x08000710   0x00000030   Code   RO         7435    .text               c:\Users\Íõ¿¥»Ô\AppData\Local\Mbed Studio\mbed-studio-tools\ac6\bin\..\lib\armlib\mf_w.l(dfixul.o)
    0x08000740   0x00000030   Code   RO         7437    .text               c:\Users\Íõ¿¥»Ô\AppData\Local\Mbed Studio\mbed-studio-tools\ac6\bin\..\lib\armlib\mf_w.l(cdrcmple.o)
    0x08000770   0x00000024   Code   RO         7447    .text               c:\Users\Íõ¿¥»Ô\AppData\Local\Mbed Studio\mbed-studio-tools\ac6\bin\..\lib\armlib\mc_w.l(init.o)
    0x08000794   0x00000002   Code   RO         2837    .text.$Sub$$__cpp_initialize__aeabi_  BUILD/NUCLEO_F103RB/ARMC6/mbed-os/platform/source/mbed_sdk_boot.o
    0x08000796   0x00000002   PAD
    0x08000798   0x00000060   Code   RO         2843    .text.$Sub$$main    BUILD/NUCLEO_F103RB/ARMC6/mbed-os/platform/source/mbed_sdk_boot.o
    0x080007f8   0x00000046   Code   RO         3738    .text.ADC_ConversionStop_Disable  BUILD/NUCLEO_F103RB/ARMC6/mbed-os/targets/TARGET_STM/TARGET_STM32F1/STM32Cube_FW/STM32F1xx_HAL_Driver/stm32f1xx_hal_adc.o
    0x0800083e   0x00000002   PAD
    0x08000840   0x0000007c   Code   RO         3746    .text.ADC_Enable    BUILD/NUCLEO_F103RB/ARMC6/mbed-os/targets/TARGET_STM/TARGET_STM32F1/STM32Cube_FW/STM32F1xx_HAL_Driver/stm32f1xx_hal_adc.o
    0x080008bc   0x00000008   Code   RO         6285    .text.CAN1_SCE_IRQHandler  BUILD/NUCLEO_F103RB/ARMC6/mbed-os/targets/TARGET_STM/can_api.o
    0x080008c4   0x000000ca   Code   RO         3796    .text.HAL_ADCEx_Calibration_Start  BUILD/NUCLEO_F103RB/ARMC6/mbed-os/targets/TARGET_STM/TARGET_STM32F1/STM32Cube_FW/STM32F1xx_HAL_Driver/stm32f1xx_hal_adc_ex.o
    0x0800098e   0x00000002   PAD
    0x08000990   0x0000010e   Code   RO         3780    .text.HAL_ADC_ConfigChannel  BUILD/NUCLEO_F103RB/ARMC6/mbed-os/targets/TARGET_STM/TARGET_STM32F1/STM32Cube_FW/STM32F1xx_HAL_Driver/stm32f1xx_hal_adc.o
    0x08000a9e   0x00000002   PAD
    0x08000aa0   0x00000006   Code   RO         3768    .text.HAL_ADC_GetValue  BUILD/NUCLEO_F103RB/ARMC6/mbed-os/targets/TARGET_STM/TARGET_STM32F1/STM32Cube_FW/STM32F1xx_HAL_Driver/stm32f1xx_hal_adc.o
    0x08000aa6   0x00000002   PAD
    0x08000aa8   0x00000118   Code   RO         3734    .text.HAL_ADC_Init  BUILD/NUCLEO_F103RB/ARMC6/mbed-os/targets/TARGET_STM/TARGET_STM32F1/STM32Cube_FW/STM32F1xx_HAL_Driver/stm32f1xx_hal_adc.o
    0x08000bc0   0x00000002   Code   RO         3736    .text.HAL_ADC_MspInit  BUILD/NUCLEO_F103RB/ARMC6/mbed-os/targets/TARGET_STM/TARGET_STM32F1/STM32Cube_FW/STM32F1xx_HAL_Driver/stm32f1xx_hal_adc.o
    0x08000bc2   0x00000002   PAD
    0x08000bc4   0x00000174   Code   RO         3750    .text.HAL_ADC_PollForConversion  BUILD/NUCLEO_F103RB/ARMC6/mbed-os/targets/TARGET_STM/TARGET_STM32F1/STM32Cube_FW/STM32F1xx_HAL_Driver/stm32f1xx_hal_adc.o
    0x08000d38   0x000000de   Code   RO         3744    .text.HAL_ADC_Start  BUILD/NUCLEO_F103RB/ARMC6/mbed-os/targets/TARGET_STM/TARGET_STM32F1/STM32Cube_FW/STM32F1xx_HAL_Driver/stm32f1xx_hal_adc.o
    0x08000e16   0x00000002   PAD
    0x08000e18   0x00000076   Code   RO         6391    .text.HAL_GetTick   BUILD/NUCLEO_F103RB/ARMC6/mbed-os/targets/TARGET_STM/hal_tick_overrides.o
    0x08000e8e   0x00000002   PAD
    0x08000e90   0x00000026   Code   RO         3673    .text.HAL_Init      BUILD/NUCLEO_F103RB/ARMC6/mbed-os/targets/TARGET_STM/TARGET_STM32F1/STM32Cube_FW/STM32F1xx_HAL_Driver/stm32f1xx_hal.o
    0x08000eb6   0x00000002   PAD
    0x08000eb8   0x0000000a   Code   RO         6389    .text.HAL_InitTick  BUILD/NUCLEO_F103RB/ARMC6/mbed-os/targets/TARGET_STM/hal_tick_overrides.o
    0x08000ec2   0x00000002   PAD
    0x08000ec4   0x00000002   Code   RO         3677    .text.HAL_MspInit   BUILD/NUCLEO_F103RB/ARMC6/mbed-os/targets/TARGET_STM/TARGET_STM32F1/STM32Cube_FW/STM32F1xx_HAL_Driver/stm32f1xx_hal.o
    0x08000ec6   0x00000002   PAD
    0x08000ec8   0x00000008   Code   RO         3832    .text.HAL_NVIC_SetPriorityGrouping  BUILD/NUCLEO_F103RB/ARMC6/mbed-os/targets/TARGET_STM/TARGET_STM32F1/STM32Cube_FW/STM32F1xx_HAL_Driver/stm32f1xx_hal_cortex.o
    0x08000ed0   0x000000f4   Code   RO         4570    .text.HAL_RCCEx_GetPeriphCLKFreq  BUILD/NUCLEO_F103RB/ARMC6/mbed-os/targets/TARGET_STM/TARGET_STM32F1/STM32Cube_FW/STM32F1xx_HAL_Driver/stm32f1xx_hal_rcc_ex.o
    0x08000fc4   0x00000106   Code   RO         4566    .text.HAL_RCCEx_PeriphCLKConfig  BUILD/NUCLEO_F103RB/ARMC6/mbed-os/targets/TARGET_STM/TARGET_STM32F1/STM32Cube_FW/STM32F1xx_HAL_Driver/stm32f1xx_hal_rcc_ex.o
    0x080010ca   0x00000002   PAD
    0x080010cc   0x00000174   Code   RO         4534    .text.HAL_RCC_ClockConfig  BUILD/NUCLEO_F103RB/ARMC6/mbed-os/targets/TARGET_STM/TARGET_STM32F1/STM32Cube_FW/STM32F1xx_HAL_Driver/stm32f1xx_hal_rcc.o
    0x08001240   0x0000000c   Code   RO         4544    .text.HAL_RCC_GetHCLKFreq  BUILD/NUCLEO_F103RB/ARMC6/mbed-os/targets/TARGET_STM/TARGET_STM32F1/STM32Cube_FW/STM32F1xx_HAL_Driver/stm32f1xx_hal_rcc.o
    0x0800124c   0x00000022   Code   RO         4546    .text.HAL_RCC_GetPCLK1Freq  BUILD/NUCLEO_F103RB/ARMC6/mbed-os/targets/TARGET_STM/TARGET_STM32F1/STM32Cube_FW/STM32F1xx_HAL_Driver/stm32f1xx_hal_rcc.o
    0x0800126e   0x00000002   PAD
    0x08001270   0x00000022   Code   RO         4548    .text.HAL_RCC_GetPCLK2Freq  BUILD/NUCLEO_F103RB/ARMC6/mbed-os/targets/TARGET_STM/TARGET_STM32F1/STM32Cube_FW/STM32F1xx_HAL_Driver/stm32f1xx_hal_rcc.o
    0x08001292   0x00000002   PAD
    0x08001294   0x00000060   Code   RO         4536    .text.HAL_RCC_GetSysClockFreq  BUILD/NUCLEO_F103RB/ARMC6/mbed-os/targets/TARGET_STM/TARGET_STM32F1/STM32Cube_FW/STM32F1xx_HAL_Driver/stm32f1xx_hal_rcc.o
    0x080012f4   0x0000030c   Code   RO         4530    .text.HAL_RCC_OscConfig  BUILD/NUCLEO_F103RB/ARMC6/mbed-os/targets/TARGET_STM/TARGET_STM32F1/STM32Cube_FW/STM32F1xx_HAL_Driver/stm32f1xx_hal_rcc.o
    0x08001600   0x0000005a   Code   RO         4898    .text.HAL_TIM_Base_Init  BUILD/NUCLEO_F103RB/ARMC6/mbed-os/targets/TARGET_STM/TARGET_STM32F1/STM32Cube_FW/STM32F1xx_HAL_Driver/stm32f1xx_hal_tim.o
    0x0800165a   0x00000002   PAD
    0x0800165c   0x00000002   Code   RO         4900    .text.HAL_TIM_Base_MspInit  BUILD/NUCLEO_F103RB/ARMC6/mbed-os/targets/TARGET_STM/TARGET_STM32F1/STM32Cube_FW/STM32F1xx_HAL_Driver/stm32f1xx_hal_tim.o
    0x0800165e   0x00000002   PAD
    0x08001660   0x0000005e   Code   RO         4908    .text.HAL_TIM_Base_Start  BUILD/NUCLEO_F103RB/ARMC6/mbed-os/targets/TARGET_STM/TARGET_STM32F1/STM32Cube_FW/STM32F1xx_HAL_Driver/stm32f1xx_hal_tim.o
    0x080016be   0x00000002   PAD
    0x080016c0   0x000000b8   Code   RO         4934    .text.HAL_TIM_OC_Start  BUILD/NUCLEO_F103RB/ARMC6/mbed-os/targets/TARGET_STM/TARGET_STM32F1/STM32Cube_FW/STM32F1xx_HAL_Driver/stm32f1xx_hal_tim.o
    0x08001778   0x0000005e   Code   RO         5236    .text.HAL_UART_Init  BUILD/NUCLEO_F103RB/ARMC6/mbed-os/targets/TARGET_STM/TARGET_STM32F1/STM32Cube_FW/STM32F1xx_HAL_Driver/stm32f1xx_hal_uart.o
    0x080017d6   0x00000002   PAD
    0x080017d8   0x00000002   Code   RO         5238    .text.HAL_UART_MspInit  BUILD/NUCLEO_F103RB/ARMC6/mbed-os/targets/TARGET_STM/TARGET_STM32F1/STM32Cube_FW/STM32F1xx_HAL_Driver/stm32f1xx_hal_uart.o
    0x080017da   0x00000002   PAD
    0x080017dc   0x00000012   Code   RO         6100    .text.LL_ADC_SetCommonPathInternalCh  BUILD/NUCLEO_F103RB/ARMC6/mbed-os/targets/TARGET_STM/TARGET_STM32F1/analogin_device.o
    0x080017ee   0x00000002   PAD
    0x080017f0   0x00000018   Code   RO         6538    .text.LL_GPIO_GetPinMode  BUILD/NUCLEO_F103RB/ARMC6/mbed-os/targets/TARGET_STM/pinmap.o
    0x08001808   0x00000028   Code   RO         6318    .text.LL_GPIO_SetPinMode  BUILD/NUCLEO_F103RB/ARMC6/mbed-os/targets/TARGET_STM/gpio_api.o
    0x08001830   0x00000028   Code   RO         6528    .text.LL_GPIO_SetPinMode  BUILD/NUCLEO_F103RB/ARMC6/mbed-os/targets/TARGET_STM/pinmap.o
    0x08001858   0x00000028   Code   RO         6530    .text.LL_GPIO_SetPinOutputType  BUILD/NUCLEO_F103RB/ARMC6/mbed-os/targets/TARGET_STM/pinmap.o
    0x08001880   0x0000001a   Code   RO         6540    .text.LL_GPIO_SetPinPull  BUILD/NUCLEO_F103RB/ARMC6/mbed-os/targets/TARGET_STM/pinmap.o
    0x0800189a   0x00000002   PAD
    0x0800189c   0x00000028   Code   RO         6524    .text.LL_GPIO_SetPinSpeed  BUILD/NUCLEO_F103RB/ARMC6/mbed-os/targets/TARGET_STM/pinmap.o
    0x080018c4   0x0000000a   Code   RO         6868    .text.LL_TIM_GenerateEvent_CC1  BUILD/NUCLEO_F103RB/ARMC6/mbed-os/targets/TARGET_STM/us_ticker.o
    0x080018ce   0x00000002   PAD
    0x080018d0   0x0000002c   Code   RO         4532    .text.RCC_Delay     BUILD/NUCLEO_F103RB/ARMC6/mbed-os/targets/TARGET_STM/TARGET_STM32F1/STM32Cube_FW/STM32F1xx_HAL_Driver/stm32f1xx_hal_rcc.o
    0x080018fc   0x00000038   Code   RO         6082    .text.SetSysClock   BUILD/NUCLEO_F103RB/ARMC6/mbed-os/targets/TARGET_STM/TARGET_STM32F1/TARGET_STM32F103xB/system_clock.o
    0x08001934   0x00000064   Code   RO         6084    .text.SetSysClock_PLL_HSE  BUILD/NUCLEO_F103RB/ARMC6/mbed-os/targets/TARGET_STM/TARGET_STM32F1/TARGET_STM32F103xB/system_clock.o
    0x08001998   0x0000004c   Code   RO         6086    .text.SetSysClock_PLL_HSI  BUILD/NUCLEO_F103RB/ARMC6/mbed-os/targets/TARGET_STM/TARGET_STM32F1/TARGET_STM32F103xB/system_clock.o
    0x080019e4   0x0000010c   Code   RO         6308    .text.Set_GPIO_Clock  BUILD/NUCLEO_F103RB/ARMC6/mbed-os/targets/TARGET_STM/gpio_api.o
    0x08001af0   0x0000006e   Code   RO         6045    .text.SystemCoreClockUpdate  BUILD/NUCLEO_F103RB/ARMC6/mbed-os/targets/TARGET_STM/TARGET_STM32F1/STM32Cube_FW/system_stm32f1xx.o
    0x08001b5e   0x00000002   PAD
    0x08001b60   0x00000002   Code   RO         6043    .text.SystemInit    BUILD/NUCLEO_F103RB/ARMC6/mbed-os/targets/TARGET_STM/TARGET_STM32F1/STM32Cube_FW/system_stm32f1xx.o
    0x08001b62   0x00000002   PAD
    0x08001b64   0x0000008a   Code   RO         4902    .text.TIM_Base_SetConfig  BUILD/NUCLEO_F103RB/ARMC6/mbed-os/targets/TARGET_STM/TARGET_STM32F1/STM32Cube_FW/STM32F1xx_HAL_Driver/stm32f1xx_hal_tim.o
    0x08001bee   0x00000002   PAD
    0x08001bf0   0x00000024   Code   RO         4936    .text.TIM_CCxChannelCmd  BUILD/NUCLEO_F103RB/ARMC6/mbed-os/targets/TARGET_STM/TARGET_STM32F1/STM32Cube_FW/STM32F1xx_HAL_Driver/stm32f1xx_hal_tim.o
    0x08001c14   0x00000002   Code   RO         6509    .text.TargetBSP_Init  BUILD/NUCLEO_F103RB/ARMC6/mbed-os/targets/TARGET_STM/mbed_overrides.o
    0x08001c16   0x00000002   PAD
    0x08001c18   0x0000008e   Code   RO         5240    .text.UART_SetConfig  BUILD/NUCLEO_F103RB/ARMC6/mbed-os/targets/TARGET_STM/TARGET_STM32F1/STM32Cube_FW/STM32F1xx_HAL_Driver/stm32f1xx_hal_uart.o
    0x08001ca6   0x00000002   PAD
    0x08001ca8   0x00000008   Code   RO         6283    .text.USB_HP_CAN1_TX_IRQHandler  BUILD/NUCLEO_F103RB/ARMC6/mbed-os/targets/TARGET_STM/can_api.o
    0x08001cb0   0x00000008   Code   RO         6279    .text.USB_LP_CAN1_RX0_IRQHandler  BUILD/NUCLEO_F103RB/ARMC6/mbed-os/targets/TARGET_STM/can_api.o
    0x08001cb8   0x00000010   Code   RO           10    .text._GLOBAL__sub_I_Lab3.cpp  BUILD/NUCLEO_F103RB/ARMC6/Lab3/Lab3.o
    0x08001cc8   0x00000014   Code   RO           52    .text._GLOBAL__sub_I_Lab5.cpp  BUILD/NUCLEO_F103RB/ARMC6/Lab5.o
    0x08001cdc   0x0000000c   Code   RO           87    .text._GLOBAL__sub_I_keypad_utilities.cpp  BUILD/NUCLEO_F103RB/ARMC6/keypad_utilities.o
    0x08001ce8   0x00000014   Code   RO          127    .text._GLOBAL__sub_I_lcd_utilities.cpp  BUILD/NUCLEO_F103RB/ARMC6/lcd_utilities.o
    0x08001cfc   0x00000004   Code   RO          183    .text._Z21core_util_atomic_loadIN4rtos5MutexEEPT_PKS3_  BUILD/NUCLEO_F103RB/ARMC6/mbed-os/drivers/source/AnalogIn.o
    0x08001d00   0x00000004   Code   RO          187    .text._Z22core_util_atomic_storeIN4rtos5MutexEEvPPT_S3_  BUILD/NUCLEO_F103RB/ARMC6/mbed-os/drivers/source/AnalogIn.o
    0x08001d04   0x0000006c   Code   RO         2797    .text._Z30core_util_atomic_load_explicitIhET_PKS0_17mbed_memory_order  BUILD/NUCLEO_F103RB/ARMC6/mbed-os/platform/source/mbed_retarget.o
    0x08001d70   0x00000010   Code   RO           50    .text._ZL10gpio_writeP6gpio_ti  BUILD/NUCLEO_F103RB/ARMC6/Lab5.o
    0x08001d80   0x00000034   Code   RO         2753    .text._ZL14do_serial_initv  BUILD/NUCLEO_F103RB/ARMC6/mbed-os/platform/source/mbed_retarget.o
    0x08001db4   0x00000018   Code   RO         2659    .text._ZL19do_serial_init_oncev  BUILD/NUCLEO_F103RB/ARMC6/mbed-os/platform/source/mbed_retarget.o
    0x08001dcc   0x00000008   Code   RO           73    .text._ZN4mbed10DigitalOut5writeEi  BUILD/NUCLEO_F103RB/ARMC6/Lab5.o
    0x08001dd4   0x0000001e   Code   RO           69    .text._ZN4mbed10DigitalOutC2E7PinName  BUILD/NUCLEO_F103RB/ARMC6/Lab5.o
    0x08001df2   0x00000002   PAD
    0x08001df4   0x0000001a   Code   RO         2657    .text._ZN4mbed20minimal_console_putcEi  BUILD/NUCLEO_F103RB/ARMC6/mbed-os/platform/source/mbed_retarget.o
    0x08001e0e   0x00000002   PAD
    0x08001e10   0x0000000a   Code   RO          377    .text._ZN4mbed5BusIn4lockEv  BUILD/NUCLEO_F103RB/ARMC6/mbed-os/drivers/source/BusIn.o
    0x08001e1a   0x00000002   PAD
    0x08001e1c   0x0000000a   Code   RO          379    .text._ZN4mbed5BusIn6unlockEv  BUILD/NUCLEO_F103RB/ARMC6/mbed-os/drivers/source/BusIn.o
    0x08001e26   0x00000002   PAD
    0x08001e28   0x000000d4   Code   RO          365    .text._ZN4mbed5BusInC2E7PinNameS1_S1_S1_S1_S1_S1_S1_S1_S1_S1_S1_S1_S1_S1_S1_  BUILD/NUCLEO_F103RB/ARMC6/mbed-os/drivers/source/BusIn.o
    0x08001efc   0x0000000c   Code   RO          371    .text._ZN4mbed5BusInD0Ev  BUILD/NUCLEO_F103RB/ARMC6/mbed-os/drivers/source/BusIn.o
    0x08001f08   0x00000038   Code   RO          369    .text._ZN4mbed5BusInD2Ev  BUILD/NUCLEO_F103RB/ARMC6/mbed-os/drivers/source/BusIn.o
    0x08001f40   0x0000000a   Code   RO          469    .text._ZN4mbed6BusOut4lockEv  BUILD/NUCLEO_F103RB/ARMC6/mbed-os/drivers/source/BusOut.o
    0x08001f4a   0x00000002   PAD
    0x08001f4c   0x0000000a   Code   RO          471    .text._ZN4mbed6BusOut6unlockEv  BUILD/NUCLEO_F103RB/ARMC6/mbed-os/drivers/source/BusOut.o
    0x08001f56   0x00000002   PAD
    0x08001f58   0x000000d4   Code   RO          449    .text._ZN4mbed6BusOutC2E7PinNameS1_S1_S1_S1_S1_S1_S1_S1_S1_S1_S1_S1_S1_S1_S1_  BUILD/NUCLEO_F103RB/ARMC6/mbed-os/drivers/source/BusOut.o
    0x0800202c   0x0000000c   Code   RO          455    .text._ZN4mbed6BusOutD0Ev  BUILD/NUCLEO_F103RB/ARMC6/mbed-os/drivers/source/BusOut.o
    0x08002038   0x00000032   Code   RO          453    .text._ZN4mbed6BusOutD2Ev  BUILD/NUCLEO_F103RB/ARMC6/mbed-os/drivers/source/BusOut.o
    0x0800206a   0x00000002   PAD
    0x0800206c   0x00000008   Code   RO           75    .text._ZN4mbed7PortOut5writeEi  BUILD/NUCLEO_F103RB/ARMC6/Lab5.o
    0x08002074   0x00000020   Code   RO          857    .text._ZN4mbed7PortOutC2E8PortNamei  BUILD/NUCLEO_F103RB/ARMC6/mbed-os/drivers/source/PortOut.o
    0x08002094   0x0000000c   Code   RO           71    .text._ZN4mbed7PortOutaSEi  BUILD/NUCLEO_F103RB/ARMC6/Lab5.o
    0x080020a0   0x00000014   Code   RO          173    .text._ZN4mbed8AnalogIn4lockEv  BUILD/NUCLEO_F103RB/ARMC6/mbed-os/drivers/source/AnalogIn.o
    0x080020b4   0x00000014   Code   RO          175    .text._ZN4mbed8AnalogIn6unlockEv  BUILD/NUCLEO_F103RB/ARMC6/mbed-os/drivers/source/AnalogIn.o
    0x080020c8   0x00000020   Code   RO          153    .text._ZN4mbed8AnalogIn8read_u16Ev  BUILD/NUCLEO_F103RB/ARMC6/mbed-os/drivers/source/AnalogIn.o
    0x080020e8   0x0000002e   Code   RO          147    .text._ZN4mbed8AnalogInC2E7PinNamef  BUILD/NUCLEO_F103RB/ARMC6/mbed-os/drivers/source/AnalogIn.o
    0x08002116   0x00000002   PAD
    0x08002118   0x0000000c   Code   RO          171    .text._ZN4mbed8AnalogInD0Ev  BUILD/NUCLEO_F103RB/ARMC6/mbed-os/drivers/source/AnalogIn.o
    0x08002124   0x00000028   Code   RO          169    .text._ZN4mbed8AnalogInD2Ev  BUILD/NUCLEO_F103RB/ARMC6/mbed-os/drivers/source/AnalogIn.o
    0x0800214c   0x0000001e   Code   RO           25    .text._ZN4mbed9DigitalInC2E7PinName  BUILD/NUCLEO_F103RB/ARMC6/Lab3/Lab3.o
    0x0800216a   0x00000002   PAD
    0x0800216c   0x0000000c   Code   RO          396    .text._ZN4mbed9DigitalInD2Ev  BUILD/NUCLEO_F103RB/ARMC6/mbed-os/drivers/source/BusIn.o
    0x08002178   0x00000006   Code   RO         2801    .text._ZN4mstd4impl6INVOKEIRFvvEJEEENSt3__29enable_ifIXoontsr3std17is_member_pointerINS4_5decayIT_E4typeEEE5valueaasr3std24is_member_object_pointerIS9_EE5valuenesZfp0_Li1EEDTclclsr3stdE7forwardIS7_Efp_Espclsr3stdE7forwardIT0_Efp0_EEEE4typeEOS7_DpOSA_  BUILD/NUCLEO_F103RB/ARMC6/mbed-os/platform/source/mbed_retarget.o
    0x0800217e   0x00000002   PAD
    0x08002180   0x00000008   Code   RO         2799    .text._ZN4mstd6invokeIRFvvEJEEENS_13invoke_resultIT_JDpT0_EE4typeEOS4_DpOS5_  BUILD/NUCLEO_F103RB/ARMC6/mbed-os/platform/source/mbed_retarget.o
    0x08002188   0x0000002a   Code   RO         2795    .text._ZN4mstd9call_onceIRFvvEJEEEvRNS_9once_flagEOT_DpOT0_  BUILD/NUCLEO_F103RB/ARMC6/mbed-os/platform/source/mbed_retarget.o
    0x080021b2   0x00000002   PAD
    0x080021b4   0x00000002   Code   RO          179    .text._ZN4rtos5Mutex4lockEv  BUILD/NUCLEO_F103RB/ARMC6/mbed-os/drivers/source/AnalogIn.o
    0x080021b6   0x00000002   PAD
    0x080021b8   0x00000002   Code   RO          189    .text._ZN4rtos5Mutex6unlockEv  BUILD/NUCLEO_F103RB/ARMC6/mbed-os/drivers/source/AnalogIn.o
    0x080021ba   0x00000002   PAD
    0x080021bc   0x00000002   Code   RO          185    .text._ZN4rtos5MutexC2Ev  BUILD/NUCLEO_F103RB/ARMC6/mbed-os/drivers/source/AnalogIn.o
    0x080021be   0x00000002   PAD
    0x080021c0   0x00000002   Code   RO          296    .text._ZN4rtos5MutexD2Ev  BUILD/NUCLEO_F103RB/ARMC6/mbed-os/drivers/source/BufferedSerial.o
    0x080021c2   0x00000002   PAD
    0x080021c4   0x00000044   Code   RO         1063    .text._ZNK12SingletonPtrIN4rtos5MutexEE3getEv  BUILD/NUCLEO_F103RB/ARMC6/mbed-os/drivers/source/SPI.o
    0x08002208   0x00000008   Code   RO          177    .text._ZNK12SingletonPtrIN4rtos5MutexEEptEv  BUILD/NUCLEO_F103RB/ARMC6/mbed-os/drivers/source/AnalogIn.o
    0x08002210   0x00000008   Code   RO         2737    .text._ZdlPv        BUILD/NUCLEO_F103RB/ARMC6/mbed-os/platform/source/mbed_retarget.o
    0x08002218   0x0000004c   Code   RO         2729    .text._Znwj         BUILD/NUCLEO_F103RB/ARMC6/mbed-os/platform/source/mbed_retarget.o
    0x08002264   0x00000010   Code   RO         6858    .text.__NVIC_EnableIRQ  BUILD/NUCLEO_F103RB/ARMC6/mbed-os/targets/TARGET_STM/us_ticker.o
    0x08002274   0x00000020   Code   RO         3834    .text.__NVIC_SetPriorityGrouping  BUILD/NUCLEO_F103RB/ARMC6/mbed-os/targets/TARGET_STM/TARGET_STM32F1/STM32Cube_FW/STM32F1xx_HAL_Driver/stm32f1xx_hal_cortex.o
    0x08002294   0x00000018   Code   RO         6856    .text.__NVIC_SetVector  BUILD/NUCLEO_F103RB/ARMC6/mbed-os/targets/TARGET_STM/us_ticker.o
    0x080022ac   0x0000005c   Code   RO         2723    .text.__cxa_guard_acquire  BUILD/NUCLEO_F103RB/ARMC6/mbed-os/platform/source/mbed_retarget.o
    0x08002308   0x00000032   Code   RO         2725    .text.__cxa_guard_release  BUILD/NUCLEO_F103RB/ARMC6/mbed-os/platform/source/mbed_retarget.o
    0x0800233a   0x00000002   PAD
    0x0800233c   0x00000040   Code   RO            4    .text.__cxx_global_var_init  BUILD/NUCLEO_F103RB/ARMC6/Lab3/Lab3.o
    0x0800237c   0x00000014   Code   RO           40    .text.__cxx_global_var_init  BUILD/NUCLEO_F103RB/ARMC6/Lab5.o
    0x08002390   0x00000040   Code   RO           79    .text.__cxx_global_var_init  BUILD/NUCLEO_F103RB/ARMC6/keypad_utilities.o
    0x080023d0   0x00000016   Code   RO          107    .text.__cxx_global_var_init  BUILD/NUCLEO_F103RB/ARMC6/lcd_utilities.o
    0x080023e6   0x00000002   PAD
    0x080023e8   0x00000014   Code   RO            6    .text.__cxx_global_var_init.1  BUILD/NUCLEO_F103RB/ARMC6/Lab3/Lab3.o
    0x080023fc   0x00000018   Code   RO           42    .text.__cxx_global_var_init.1  BUILD/NUCLEO_F103RB/ARMC6/Lab5.o
    0x08002414   0x00000012   Code   RO           81    .text.__cxx_global_var_init.1  BUILD/NUCLEO_F103RB/ARMC6/keypad_utilities.o
    0x08002426   0x00000002   PAD
    0x08002428   0x00000012   Code   RO          109    .text.__cxx_global_var_init.1  BUILD/NUCLEO_F103RB/ARMC6/lcd_utilities.o
    0x0800243a   0x00000002   PAD
    0x0800243c   0x00000012   Code   RO            8    .text.__cxx_global_var_init.2  BUILD/NUCLEO_F103RB/ARMC6/Lab3/Lab3.o
    0x0800244e   0x00000002   PAD
    0x08002450   0x00000012   Code   RO           44    .text.__cxx_global_var_init.2  BUILD/NUCLEO_F103RB/ARMC6/Lab5.o
    0x08002462   0x00000002   PAD
    0x08002464   0x00000012   Code   RO          111    .text.__cxx_global_var_init.2  BUILD/NUCLEO_F103RB/ARMC6/lcd_utilities.o
    0x08002476   0x00000002   PAD
    0x08002478   0x00000012   Code   RO           46    .text.__cxx_global_var_init.3  BUILD/NUCLEO_F103RB/ARMC6/Lab5.o
    0x0800248a   0x00000002   PAD
    0x0800248c   0x00000012   Code   RO          113    .text.__cxx_global_var_init.3  BUILD/NUCLEO_F103RB/ARMC6/lcd_utilities.o
    0x0800249e   0x00000002   PAD
    0x080024a0   0x00000008   Code   RO         2683    .text.__user_setup_stackheap  BUILD/NUCLEO_F103RB/ARMC6/mbed-os/platform/source/mbed_retarget.o
    0x080024a8   0x00000024   Code   RO         1554    .text._gpio_init_in  BUILD/NUCLEO_F103RB/ARMC6/mbed-os/hal/source/mbed_gpio.o
    0x080024cc   0x00000030   Code   RO         1560    .text._gpio_init_out  BUILD/NUCLEO_F103RB/ARMC6/mbed-os/hal/source/mbed_gpio.o
    0x080024fc   0x00000032   Code   RO         2681    .text._mbed_user_setup_stackheap  BUILD/NUCLEO_F103RB/ARMC6/mbed-os/platform/source/mbed_retarget.o
    0x0800252e   0x00000002   PAD
    0x08002530   0x00000008   Code   RO         2841    .text._platform_post_stackheap_init  BUILD/NUCLEO_F103RB/ARMC6/mbed-os/platform/source/mbed_sdk_boot.o
    0x08002538   0x00000168   Code   RO         6649    .text._serial_init_direct  BUILD/NUCLEO_F103RB/ARMC6/mbed-os/targets/TARGET_STM/serial_api.o
    0x080026a0   0x00000028   Code   RO         2649    .text._sys_open     BUILD/NUCLEO_F103RB/ARMC6/mbed-os/platform/source/mbed_retarget.o
    0x080026c8   0x00000006   Code   RO         2675    .text._sys_seek     BUILD/NUCLEO_F103RB/ARMC6/mbed-os/platform/source/mbed_retarget.o
    0x080026ce   0x00000002   PAD
    0x080026d0   0x000000fc   Code   RO         2653    .text._sys_write    BUILD/NUCLEO_F103RB/ARMC6/mbed-os/platform/source/mbed_retarget.o
    0x080027cc   0x00000030   Code   RO         1648    .text._ticker_match_interval_passed  BUILD/NUCLEO_F103RB/ARMC6/mbed-os/hal/source/mbed_ticker_api.o
    0x080027fc   0x0000001e   Code   RO         2896    .text._wait_us_generic  BUILD/NUCLEO_F103RB/ARMC6/mbed-os/platform/source/mbed_wait_api_no_rtos.o
    0x0800281a   0x00000002   PAD
    0x0800281c   0x00000016   Code   RO         2892    .text._wait_us_inline  BUILD/NUCLEO_F103RB/ARMC6/mbed-os/platform/source/mbed_wait_api_no_rtos.o
    0x08002832   0x00000002   PAD
    0x08002834   0x00000018   Code   RO         2894    .text._wait_us_ticks  BUILD/NUCLEO_F103RB/ARMC6/mbed-os/platform/source/mbed_wait_api_no_rtos.o
    0x0800284c   0x000000ca   Code   RO         6098    .text.adc_read      BUILD/NUCLEO_F103RB/ARMC6/mbed-os/targets/TARGET_STM/TARGET_STM32F1/analogin_device.o
    0x08002916   0x00000002   PAD
    0x08002918   0x00000002   Code   RO         1507    .text.analogin_free  BUILD/NUCLEO_F103RB/ARMC6/mbed-os/hal/source/mbed_compat.o
    0x0800291a   0x00000002   PAD
    0x0800291c   0x00000158   Code   RO         6096    .text.analogin_init  BUILD/NUCLEO_F103RB/ARMC6/mbed-os/targets/TARGET_STM/TARGET_STM32F1/analogin_device.o
    0x08002a74   0x00000012   Code   RO         6230    .text.analogin_read_u16  BUILD/NUCLEO_F103RB/ARMC6/mbed-os/targets/TARGET_STM/analogin_api.o
    0x08002a86   0x00000002   PAD
    0x08002a88   0x0000000c   Code   RO         1523    .text.are_interrupts_enabled  BUILD/NUCLEO_F103RB/ARMC6/mbed-os/hal/source/mbed_critical_section_api.o
    0x08002a94   0x00000002   Code   RO         1704    .text.block_us_ticker_free  BUILD/NUCLEO_F103RB/ARMC6/mbed-os/hal/source/mbed_us_ticker_api.o
    0x08002a96   0x00000002   PAD
    0x08002a98   0x00000144   Code   RO         6281    .text.can_irq       BUILD/NUCLEO_F103RB/ARMC6/mbed-os/targets/TARGET_STM/can_api.o
    0x08002bdc   0x0000006c   Code   RO         1688    .text.compute_tick_round_up  BUILD/NUCLEO_F103RB/ARMC6/mbed-os/hal/source/mbed_ticker_api.o
    0x08002c48   0x0000000c   Code   RO         2411    .text.core_util_are_interrupts_enabled  BUILD/NUCLEO_F103RB/ARMC6/mbed-os/platform/source/mbed_critical.o
    0x08002c54   0x00000010   Code   RO         2292    .text.core_util_atomic_exchange_u8  BUILD/NUCLEO_F103RB/ARMC6/mbed-os/platform/source/mbed_atomic_impl.o
    0x08002c64   0x00000016   Code   RO         2290    .text.core_util_atomic_flag_test_and_set  BUILD/NUCLEO_F103RB/ARMC6/mbed-os/platform/source/mbed_atomic_impl.o
    0x08002c7a   0x00000002   PAD
    0x08002c7c   0x00000088   Code   RO         2417    .text.core_util_critical_section_enter  BUILD/NUCLEO_F103RB/ARMC6/mbed-os/platform/source/mbed_critical.o
    0x08002d04   0x0000001e   Code   RO         2419    .text.core_util_critical_section_exit  BUILD/NUCLEO_F103RB/ARMC6/mbed-os/platform/source/mbed_critical.o
    0x08002d22   0x00000002   PAD
    0x08002d24   0x0000000c   Code   RO         2413    .text.core_util_is_isr_active  BUILD/NUCLEO_F103RB/ARMC6/mbed-os/platform/source/mbed_critical.o
    0x08002d30   0x00000054   Code   RO         6657    .text.debug         BUILD/NUCLEO_F103RB/ARMC6/mbed-os/targets/TARGET_STM/serial_api.o
    0x08002d84   0x00000064   Code   RO         2430    .text.error         BUILD/NUCLEO_F103RB/ARMC6/mbed-os/platform/source/mbed_error.o
    0x08002de8   0x00000018   Code   RO         1686    .text.exact_log2    BUILD/NUCLEO_F103RB/ARMC6/mbed-os/hal/source/mbed_ticker_api.o
    0x08002e00   0x00000022   Code   RO         2695    .text.exit          BUILD/NUCLEO_F103RB/ARMC6/mbed-os/platform/source/mbed_retarget.o
    0x08002e22   0x00000002   PAD
    0x08002e24   0x0000001a   Code   RO         1684    .text.gcd           BUILD/NUCLEO_F103RB/ARMC6/mbed-os/hal/source/mbed_ticker_api.o
    0x08002e3e   0x00000002   PAD
    0x08002e40   0x00000038   Code   RO         6677    .text.get_uart_index  BUILD/NUCLEO_F103RB/ARMC6/mbed-os/targets/TARGET_STM/serial_api.o
    0x08002e78   0x0000000a   Code   RO         1698    .text.get_us_ticker_data  BUILD/NUCLEO_F103RB/ARMC6/mbed-os/hal/source/mbed_us_ticker_api.o
    0x08002e82   0x00000002   PAD
    0x08002e84   0x00000018   Code   RO         6316    .text.gpio_dir      BUILD/NUCLEO_F103RB/ARMC6/mbed-os/targets/TARGET_STM/gpio_api.o
    0x08002e9c   0x00000002   Code   RO         1503    .text.gpio_free     BUILD/NUCLEO_F103RB/ARMC6/mbed-os/hal/source/mbed_compat.o
    0x08002e9e   0x00000002   PAD
    0x08002ea0   0x0000004a   Code   RO         6312    .text.gpio_init     BUILD/NUCLEO_F103RB/ARMC6/mbed-os/targets/TARGET_STM/gpio_api.o
    0x08002eea   0x00000002   PAD
    0x08002eec   0x0000000a   Code   RO         1550    .text.gpio_init_in  BUILD/NUCLEO_F103RB/ARMC6/mbed-os/hal/source/mbed_gpio.o
    0x08002ef6   0x00000002   PAD
    0x08002ef8   0x00000008   Code   RO         1552    .text.gpio_init_in_ex  BUILD/NUCLEO_F103RB/ARMC6/mbed-os/hal/source/mbed_gpio.o
    0x08002f00   0x0000000a   Code   RO         1556    .text.gpio_init_out  BUILD/NUCLEO_F103RB/ARMC6/mbed-os/hal/source/mbed_gpio.o
    0x08002f0a   0x00000002   PAD
    0x08002f0c   0x0000000c   Code   RO         1558    .text.gpio_init_out_ex  BUILD/NUCLEO_F103RB/ARMC6/mbed-os/hal/source/mbed_gpio.o
    0x08002f18   0x0000000c   Code   RO         6314    .text.gpio_mode     BUILD/NUCLEO_F103RB/ARMC6/mbed-os/targets/TARGET_STM/gpio_api.o
    0x08002f24   0x00000068   Code   RO         6310    .text.gpio_set      BUILD/NUCLEO_F103RB/ARMC6/mbed-os/targets/TARGET_STM/gpio_api.o
    0x08002f8c   0x00000010   Code   RO         1548    .text.gpio_write    BUILD/NUCLEO_F103RB/ARMC6/mbed-os/hal/source/mbed_gpio.o
    0x08002f9c   0x00000010   Code   RO         2392    .text.gpio_write    BUILD/NUCLEO_F103RB/ARMC6/mbed-os/platform/source/mbed_board.o
    0x08002fac   0x00000028   Code   RO         1521    .text.hal_critical_section_enter  BUILD/NUCLEO_F103RB/ARMC6/mbed-os/hal/source/mbed_critical_section_api.o
    0x08002fd4   0x00000088   Code   RO         1525    .text.hal_critical_section_exit  BUILD/NUCLEO_F103RB/ARMC6/mbed-os/hal/source/mbed_critical_section_api.o
    0x0800305c   0x000000e8   Code   RO         2432    .text.handle_error  BUILD/NUCLEO_F103RB/ARMC6/mbed-os/platform/source/mbed_error.o
    0x08003144   0x0000009c   Code   RO         6854    .text.init_16bit_timer  BUILD/NUCLEO_F103RB/ARMC6/mbed-os/targets/TARGET_STM/us_ticker.o
    0x080031e0   0x00000064   Code   RO         6655    .text.init_uart     BUILD/NUCLEO_F103RB/ARMC6/mbed-os/targets/TARGET_STM/serial_api.o
    0x08003244   0x00000150   Code   RO         1652    .text.initialize    BUILD/NUCLEO_F103RB/ARMC6/mbed-os/hal/source/mbed_ticker_api.o
    0x08003394   0x0000007c   Code   RO           48    .text.main          BUILD/NUCLEO_F103RB/ARMC6/Lab5.o
    0x08003410   0x0000001a   Code   RO         2281    .text.mbed_assert_internal  BUILD/NUCLEO_F103RB/ARMC6/mbed-os/platform/source/mbed_assert.o
    0x0800342a   0x00000002   PAD
    0x0800342c   0x0000002c   Code   RO         2833    .text.mbed_copy_nvic  BUILD/NUCLEO_F103RB/ARMC6/mbed-os/platform/source/mbed_sdk_boot.o
    0x08003458   0x0000006c   Code   RO         2394    .text.mbed_die      BUILD/NUCLEO_F103RB/ARMC6/mbed-os/platform/source/mbed_board.o
    0x080034c4   0x00000036   Code   RO         2454    .text.mbed_error    BUILD/NUCLEO_F103RB/ARMC6/mbed-os/platform/source/mbed_error.o
    0x080034fa   0x00000002   PAD
    0x080034fc   0x00000002   Code   RO         2438    .text.mbed_error_hook  BUILD/NUCLEO_F103RB/ARMC6/mbed-os/platform/source/mbed_error.o
    0x080034fe   0x00000002   PAD
    0x08003500   0x00000004   Code   RO         2442    .text.mbed_error_initialize  BUILD/NUCLEO_F103RB/ARMC6/mbed-os/platform/source/mbed_error.o
    0x08003504   0x00000014   Code   RO         2472    .text.mbed_error_is_hw_fault  BUILD/NUCLEO_F103RB/ARMC6/mbed-os/platform/source/mbed_error.o
    0x08003518   0x00000020   Code   RO         2396    .text.mbed_error_printf  BUILD/NUCLEO_F103RB/ARMC6/mbed-os/platform/source/mbed_board.o
    0x08003538   0x00000052   Code   RO         2400    .text.mbed_error_puts  BUILD/NUCLEO_F103RB/ARMC6/mbed-os/platform/source/mbed_board.o
    0x0800358a   0x00000002   PAD
    0x0800358c   0x00000034   Code   RO         2398    .text.mbed_error_vprintf  BUILD/NUCLEO_F103RB/ARMC6/mbed-os/platform/source/mbed_board.o
    0x080035c0   0x000000f8   Code   RO         2241    .text.mbed_fault_handler  BUILD/NUCLEO_F103RB/ARMC6/mbed-os/platform/source/TARGET_CORTEX_M/mbed_fault_handler.o
    0x080036b8   0x00000038   Code   RO         2436    .text.mbed_halt_system  BUILD/NUCLEO_F103RB/ARMC6/mbed-os/platform/source/mbed_error.o
    0x080036f0   0x00000020   Code   RO         2835    .text.mbed_init     BUILD/NUCLEO_F103RB/ARMC6/mbed-os/platform/source/mbed_sdk_boot.o
    0x08003710   0x00000002   Code   RO         2827    .text.mbed_main     BUILD/NUCLEO_F103RB/ARMC6/mbed-os/platform/source/mbed_sdk_boot.o
    0x08003712   0x00000002   PAD
    0x08003714   0x00000024   Code   RO         6511    .text.mbed_sdk_init  BUILD/NUCLEO_F103RB/ARMC6/mbed-os/targets/TARGET_STM/mbed_overrides.o
    0x08003738   0x00000008   Code   RO         2839    .text.mbed_toolchain_init  BUILD/NUCLEO_F103RB/ARMC6/mbed-os/platform/source/mbed_sdk_boot.o
    0x08003740   0x000000d0   Code   RO         6522    .text.pin_function  BUILD/NUCLEO_F103RB/ARMC6/mbed-os/targets/TARGET_STM/pinmap.o
    0x08003810   0x00000080   Code   RO         6536    .text.pin_mode      BUILD/NUCLEO_F103RB/ARMC6/mbed-os/targets/TARGET_STM/pinmap.o
    0x08003890   0x00000026   Code   RO         1600    .text.pinmap_find_function  BUILD/NUCLEO_F103RB/ARMC6/mbed-os/hal/source/mbed_pinmap_common.o
    0x080038b6   0x00000002   PAD
    0x080038b8   0x00000028   Code   RO         1596    .text.pinmap_find_peripheral  BUILD/NUCLEO_F103RB/ARMC6/mbed-os/hal/source/mbed_pinmap_common.o
    0x080038e0   0x0000005c   Code   RO         1602    .text.pinmap_function  BUILD/NUCLEO_F103RB/ARMC6/mbed-os/hal/source/mbed_pinmap_common.o
    0x0800393c   0x00000048   Code   RO         1594    .text.pinmap_merge  BUILD/NUCLEO_F103RB/ARMC6/mbed-os/hal/source/mbed_pinmap_common.o
    0x08003984   0x0000005c   Code   RO         1598    .text.pinmap_peripheral  BUILD/NUCLEO_F103RB/ARMC6/mbed-os/hal/source/mbed_pinmap_common.o
    0x080039e0   0x00000068   Code   RO         1592    .text.pinmap_pinout  BUILD/NUCLEO_F103RB/ARMC6/mbed-os/hal/source/mbed_pinmap_common.o
    0x08003a48   0x0000003e   Code   RO         6555    .text.port_dir      BUILD/NUCLEO_F103RB/ARMC6/mbed-os/targets/TARGET_STM/port_api.o
    0x08003a86   0x00000002   PAD
    0x08003a88   0x0000002e   Code   RO         6553    .text.port_init     BUILD/NUCLEO_F103RB/ARMC6/mbed-os/targets/TARGET_STM/port_api.o
    0x08003ab6   0x00000002   PAD
    0x08003ab8   0x00000008   Code   RO         6551    .text.port_pin      BUILD/NUCLEO_F103RB/ARMC6/mbed-os/targets/TARGET_STM/port_api.o
    0x08003ac0   0x00000010   Code   RO         6559    .text.port_write    BUILD/NUCLEO_F103RB/ARMC6/mbed-os/targets/TARGET_STM/port_api.o
    0x08003ad0   0x00000164   Code   RO         2243    .text.print_context_info  BUILD/NUCLEO_F103RB/ARMC6/mbed-os/platform/source/TARGET_CORTEX_M/mbed_fault_handler.o
    0x08003c34   0x000001ac   Code   RO         2434    .text.print_error_report  BUILD/NUCLEO_F103RB/ARMC6/mbed-os/platform/source/mbed_error.o
    0x08003de0   0x000000d4   Code   RO         1660    .text.schedule_interrupt  BUILD/NUCLEO_F103RB/ARMC6/mbed-os/hal/source/mbed_ticker_api.o
    0x08003eb4   0x00000018   Code   RO         6653    .text.serial_baud   BUILD/NUCLEO_F103RB/ARMC6/mbed-os/targets/TARGET_STM/serial_api.o
    0x08003ecc   0x000000d8   Code   RO         6647    .text.serial_init   BUILD/NUCLEO_F103RB/ARMC6/mbed-os/targets/TARGET_STM/serial_api.o
    0x08003fa4   0x00000012   Code   RO         1728    .text.serial_init_direct  BUILD/NUCLEO_F103RB/ARMC6/mbed-os/hal/source/static_pinmap.o
    0x08003fb6   0x00000002   PAD
    0x08003fb8   0x00000032   Code   RO         6170    .text.serial_putc   BUILD/NUCLEO_F103RB/ARMC6/mbed-os/targets/TARGET_STM/TARGET_STM32F1/serial_device.o
    0x08003fea   0x00000002   PAD
    0x08003fec   0x00000016   Code   RO         6671    .text.serial_writable  BUILD/NUCLEO_F103RB/ARMC6/mbed-os/targets/TARGET_STM/serial_api.o
    0x08004002   0x00000002   PAD
    0x08004004   0x00000060   Code   RO         6534    .text.stm_pin_DisconnectDebug  BUILD/NUCLEO_F103RB/ARMC6/mbed-os/targets/TARGET_STM/pinmap.o
    0x08004064   0x0000005a   Code   RO         6532    .text.stm_pin_PullConfig  BUILD/NUCLEO_F103RB/ARMC6/mbed-os/targets/TARGET_STM/pinmap.o
    0x080040be   0x00000002   PAD
    0x080040c0   0x0000016a   Code   RO         6526    .text.stm_pin_SetAFPin  BUILD/NUCLEO_F103RB/ARMC6/mbed-os/targets/TARGET_STM/pinmap.o
    0x0800422a   0x00000002   PAD
    0x0800422c   0x0000006a   Code   RO         1656    .text.ticker_irq_handler  BUILD/NUCLEO_F103RB/ARMC6/mbed-os/hal/source/mbed_ticker_api.o
    0x08004296   0x00000002   PAD
    0x08004298   0x00000008   Code   RO         1672    .text.ticker_read   BUILD/NUCLEO_F103RB/ARMC6/mbed-os/hal/source/mbed_ticker_api.o
    0x080042a0   0x00000022   Code   RO         1674    .text.ticker_read_us  BUILD/NUCLEO_F103RB/ARMC6/mbed-os/hal/source/mbed_ticker_api.o
    0x080042c2   0x00000002   PAD
    0x080042c4   0x00000036   Code   RO         6852    .text.timer_irq_handler  BUILD/NUCLEO_F103RB/ARMC6/mbed-os/targets/TARGET_STM/us_ticker.o
    0x080042fa   0x00000002   PAD
    0x080042fc   0x00000088   Code   RO         1658    .text.update_present_time  BUILD/NUCLEO_F103RB/ARMC6/mbed-os/hal/source/mbed_ticker_api.o
    0x08004384   0x00000012   Code   RO         6872    .text.us_ticker_clear_interrupt  BUILD/NUCLEO_F103RB/ARMC6/mbed-os/targets/TARGET_STM/us_ticker.o
    0x08004396   0x00000002   PAD
    0x08004398   0x00000014   Code   RO         6870    .text.us_ticker_disable_interrupt  BUILD/NUCLEO_F103RB/ARMC6/mbed-os/targets/TARGET_STM/us_ticker.o
    0x080043ac   0x00000022   Code   RO         6866    .text.us_ticker_fire_interrupt  BUILD/NUCLEO_F103RB/ARMC6/mbed-os/targets/TARGET_STM/us_ticker.o
    0x080043ce   0x00000002   PAD
    0x080043d0   0x0000000a   Code   RO         6850    .text.us_ticker_get_info  BUILD/NUCLEO_F103RB/ARMC6/mbed-os/targets/TARGET_STM/us_ticker.o
    0x080043da   0x00000002   PAD
    0x080043dc   0x0000001c   Code   RO         6860    .text.us_ticker_init  BUILD/NUCLEO_F103RB/ARMC6/mbed-os/targets/TARGET_STM/us_ticker.o
    0x080043f8   0x0000001e   Code   RO         1702    .text.us_ticker_irq_handler  BUILD/NUCLEO_F103RB/ARMC6/mbed-os/hal/source/mbed_us_ticker_api.o
    0x08004416   0x00000002   PAD
    0x08004418   0x0000000c   Code   RO         6862    .text.us_ticker_read  BUILD/NUCLEO_F103RB/ARMC6/mbed-os/targets/TARGET_STM/us_ticker.o
    0x08004424   0x0000001c   Code   RO         6864    .text.us_ticker_set_interrupt  BUILD/NUCLEO_F103RB/ARMC6/mbed-os/targets/TARGET_STM/us_ticker.o
    0x08004440   0x0000003c   Code   RO         2655    .text.write         BUILD/NUCLEO_F103RB/ARMC6/mbed-os/platform/source/mbed_retarget.o
    0x0800447c   0x00000020   Code   RO         7248    i.__0printf         c:\Users\Íõ¿¥»Ô\AppData\Local\Mbed Studio\mbed-studio-tools\ac6\bin\..\lib\armlib\mc_w.l(printfa.o)
    0x0800449c   0x00000018   Code   RO         7251    i.__0vfprintf       c:\Users\Íõ¿¥»Ô\AppData\Local\Mbed Studio\mbed-studio-tools\ac6\bin\..\lib\armlib\mc_w.l(printfa.o)
    0x080044b4   0x00000034   Code   RO         7253    i.__0vsnprintf      c:\Users\Íõ¿¥»Ô\AppData\Local\Mbed Studio\mbed-studio-tools\ac6\bin\..\lib\armlib\mc_w.l(printfa.o)
    0x080044e8   0x00000008   Code   RO         7304    i.__aeabi_errno_addr  c:\Users\Íõ¿¥»Ô\AppData\Local\Mbed Studio\mbed-studio-tools\ac6\bin\..\lib\armlib\mc_w.l(errno.o)
    0x080044f0   0x000000a0   Code   RO         7288    i.__aligned_malloc$2region  c:\Users\Íõ¿¥»Ô\AppData\Local\Mbed Studio\mbed-studio-tools\ac6\bin\..\lib\armlib\mc_w.l(malloca2.o)
    0x08004590   0x00000050   Code   RO         7289    i.__free$memalign$2region  c:\Users\Íõ¿¥»Ô\AppData\Local\Mbed Studio\mbed-studio-tools\ac6\bin\..\lib\armlib\mc_w.l(malloca2.o)
    0x080045e0   0x00000006   Code   RO         7290    i.__malloc$memalign$2region  c:\Users\Íõ¿¥»Ô\AppData\Local\Mbed Studio\mbed-studio-tools\ac6\bin\..\lib\armlib\mc_w.l(malloca2.o)
    0x080045e6   0x0000000e   Code   RO         7461    i.__scatterload_copy  c:\Users\Íõ¿¥»Ô\AppData\Local\Mbed Studio\mbed-studio-tools\ac6\bin\..\lib\armlib\mc_w.l(handlers.o)
    0x080045f4   0x00000002   Code   RO         7462    i.__scatterload_null  c:\Users\Íõ¿¥»Ô\AppData\Local\Mbed Studio\mbed-studio-tools\ac6\bin\..\lib\armlib\mc_w.l(handlers.o)
    0x080045f6   0x0000000e   Code   RO         7463    i.__scatterload_zeroinit  c:\Users\Íõ¿¥»Ô\AppData\Local\Mbed Studio\mbed-studio-tools\ac6\bin\..\lib\armlib\mc_w.l(handlers.o)
    0x08004604   0x00000018   Code   RO         6973    i._fflush$full      c:\Users\Íõ¿¥»Ô\AppData\Local\Mbed Studio\mbed-studio-tools\ac6\bin\..\lib\armlib\mc_w.l(fflush_f.o)
    0x0800461c   0x00000184   Code   RO         7255    i._fp_digits        c:\Users\Íõ¿¥»Ô\AppData\Local\Mbed Studio\mbed-studio-tools\ac6\bin\..\lib\armlib\mc_w.l(printfa.o)
    0x080047a0   0x000006dc   Code   RO         7256    i._printf_core      c:\Users\Íõ¿¥»Ô\AppData\Local\Mbed Studio\mbed-studio-tools\ac6\bin\..\lib\armlib\mc_w.l(printfa.o)
    0x08004e7c   0x00000024   Code   RO         7257    i._printf_post_padding  c:\Users\Íõ¿¥»Ô\AppData\Local\Mbed Studio\mbed-studio-tools\ac6\bin\..\lib\armlib\mc_w.l(printfa.o)
    0x08004ea0   0x0000002e   Code   RO         7258    i._printf_pre_padding  c:\Users\Íõ¿¥»Ô\AppData\Local\Mbed Studio\mbed-studio-tools\ac6\bin\..\lib\armlib\mc_w.l(printfa.o)
    0x08004ece   0x00000016   Code   RO         7259    i._snputc           c:\Users\Íõ¿¥»Ô\AppData\Local\Mbed Studio\mbed-studio-tools\ac6\bin\..\lib\armlib\mc_w.l(printfa.o)
    0x08004ee4   0x00000000   Data   RO         2847    .rodata             BUILD/NUCLEO_F103RB/ARMC6/mbed-os/platform/source/mbed_sdk_boot.o
    0x08004ee4   0x00000010   Data   RO         6048    .rodata.AHBPrescTable  BUILD/NUCLEO_F103RB/ARMC6/mbed-os/targets/TARGET_STM/TARGET_STM32F1/STM32Cube_FW/system_stm32f1xx.o
    0x08004ef4   0x00000008   Data   RO         6049    .rodata.APBPrescTable  BUILD/NUCLEO_F103RB/ARMC6/mbed-os/targets/TARGET_STM/TARGET_STM32F1/STM32Cube_FW/system_stm32f1xx.o
    0x08004efc   0x000000b4   Data   RO         6058    .rodata.PinMap_ADC  BUILD/NUCLEO_F103RB/ARMC6/mbed-os/targets/TARGET_STM/TARGET_STM32F1/TARGET_STM32F103xB/TARGET_NUCLEO_F103RB/PeripheralPins.o
    0x08004fb0   0x00000024   Data   RO         6059    .rodata.PinMap_ADC_Internal  BUILD/NUCLEO_F103RB/ARMC6/mbed-os/targets/TARGET_STM/TARGET_STM32F1/TARGET_STM32F103xB/TARGET_NUCLEO_F103RB/PeripheralPins.o
    0x08004fd4   0x00000048   Data   RO         6064    .rodata.PinMap_UART_RX  BUILD/NUCLEO_F103RB/ARMC6/mbed-os/targets/TARGET_STM/TARGET_STM32F1/TARGET_STM32F103xB/TARGET_NUCLEO_F103RB/PeripheralPins.o
    0x0800501c   0x00000048   Data   RO         6063    .rodata.PinMap_UART_TX  BUILD/NUCLEO_F103RB/ARMC6/mbed-os/targets/TARGET_STM/TARGET_STM32F1/TARGET_STM32F103xB/TARGET_NUCLEO_F103RB/PeripheralPins.o
    0x08005064   0x00000018   Data   RO          387    .rodata._ZTVN4mbed5BusInE  BUILD/NUCLEO_F103RB/ARMC6/mbed-os/drivers/source/BusIn.o
    0x0800507c   0x00000018   Data   RO          477    .rodata._ZTVN4mbed6BusOutE  BUILD/NUCLEO_F103RB/ARMC6/mbed-os/drivers/source/BusOut.o
    0x08005094   0x00000018   Data   RO          191    .rodata._ZTVN4mbed8AnalogInE  BUILD/NUCLEO_F103RB/ARMC6/mbed-os/drivers/source/AnalogIn.o
    0x080050ac   0x00000018   Data   RO         2766    .rodata._ZZL14do_serial_initvE14console_pinmap  BUILD/NUCLEO_F103RB/ARMC6/mbed-os/platform/source/mbed_retarget.o
    0x080050c4   0x00000040   Data   RO         6542    .rodata.ll_pin_defines  BUILD/NUCLEO_F103RB/ARMC6/mbed-os/targets/TARGET_STM/pinmap.o
    0x08005104   0x00000046   Data   RO           59    .rodata.str1.1      BUILD/NUCLEO_F103RB/ARMC6/Lab5.o
    0x0800514a   0x00000056   Data   RO         1009    .rodata.str1.1      BUILD/NUCLEO_F103RB/ARMC6/mbed-os/drivers/source/SPI.o
    0x080051a0   0x000000e0   Data   RO         2247    .rodata.str1.1      BUILD/NUCLEO_F103RB/ARMC6/mbed-os/platform/source/TARGET_CORTEX_M/mbed_fault_handler.o
    0x08005280   0x000000f2   Data   RO         2480    .rodata.str1.1      BUILD/NUCLEO_F103RB/ARMC6/mbed-os/platform/source/mbed_error.o
    0x08005372   0x000000b0   Data   RO         2761    .rodata.str1.1      BUILD/NUCLEO_F103RB/ARMC6/mbed-os/platform/source/mbed_retarget.o
    0x08005422   0x0000003e   Data   RO         6104    .rodata.str1.1      BUILD/NUCLEO_F103RB/ARMC6/mbed-os/targets/TARGET_STM/TARGET_STM32F1/analogin_device.o
    0x08005460   0x0000002a   Data   RO         6686    .rodata.str1.1      BUILD/NUCLEO_F103RB/ARMC6/mbed-os/targets/TARGET_STM/serial_api.o
    0x0800548a   0x00000002   PAD
    0x0800548c   0x00000008   Data   RO         1706    .rodata.us_data     BUILD/NUCLEO_F103RB/ARMC6/mbed-os/hal/source/mbed_us_ticker_api.o
    0x08005494   0x00000024   Data   RO         1708    .rodata.us_interface  BUILD/NUCLEO_F103RB/ARMC6/mbed-os/hal/source/mbed_us_ticker_api.o
    0x080054b8   0x00000008   Data   RO         6880    .rodata.us_ticker_get_info.info  BUILD/NUCLEO_F103RB/ARMC6/mbed-os/targets/TARGET_STM/us_ticker.o
    0x080054c0   0x00000020   Data   RO         7460    Region$$Table       anon$$obj.o
    0x080054e0   0x00000004   Data   RO           16    .init_array         BUILD/NUCLEO_F103RB/ARMC6/Lab3/Lab3.o
    0x080054e4   0x00000004   Data   RO           60    .init_array         BUILD/NUCLEO_F103RB/ARMC6/Lab5.o
    0x080054e8   0x00000004   Data   RO           91    .init_array         BUILD/NUCLEO_F103RB/ARMC6/keypad_utilities.o
    0x080054ec   0x00000004   Data   RO          133    .init_array         BUILD/NUCLEO_F103RB/ARMC6/lcd_utilities.o
    0x080054f0   0x00000000   Data   RO         7318    .init_array         c:\Users\Íõ¿¥»Ô\AppData\Local\Mbed Studio\mbed-studio-tools\ac6\bin\..\lib\armlib\mc_w.l(cpp_init.o)


    Execution Region RW_IRAM1 (Base: 0x200000f0, Size: 0x000004b4, Max: 0xffffffff, ABSOLUTE)

    Base Addr    Size         Type   Attr      Idx    E Section Name        Object

    0x200000f0   0x00000004   Data   RW         7307    .data               c:\Users\Íõ¿¥»Ô\AppData\Local\Mbed Studio\mbed-studio-tools\ac6\bin\..\lib\armlib\mc_w.l(errno.o)
    0x200000f4   0x00000004   Data   RW         7405    .data               c:\Users\Íõ¿¥»Ô\AppData\Local\Mbed Studio\mbed-studio-tools\ac6\bin\..\lib\armlib\mc_w.l(mvars.o)
    0x200000f8   0x00000004   Data   RW         7406    .data               c:\Users\Íõ¿¥»Ô\AppData\Local\Mbed Studio\mbed-studio-tools\ac6\bin\..\lib\armlib\mc_w.l(mvars.o)
    0x200000fc   0x00000004   Data   RW         6047    .data.SystemCoreClock  BUILD/NUCLEO_F103RB/ARMC6/mbed-os/targets/TARGET_STM/TARGET_STM32F1/STM32Cube_FW/system_stm32f1xx.o
    0x20000100   0x00000004   Data   RW         1707    .data.irq_handler   BUILD/NUCLEO_F103RB/ARMC6/mbed-os/hal/source/mbed_us_ticker_api.o
    0x20000104   0x00000004   Data   RW         3723    .data.uwTickPrio    BUILD/NUCLEO_F103RB/ARMC6/mbed-os/targets/TARGET_STM/TARGET_STM32F1/STM32Cube_FW/STM32F1xx_HAL_Driver/stm32f1xx_hal.o
    0x20000108   0x00000014   Zero   RW         6991    .bss                c:\Users\Íõ¿¥»Ô\AppData\Local\Mbed Studio\mbed-studio-tools\ac6\bin\..\lib\armlib\mc_w.l(stdout_f.o)
    0x2000011c   0x00000014   Zero   RW         6992    .bss                c:\Users\Íõ¿¥»Ô\AppData\Local\Mbed Studio\mbed-studio-tools\ac6\bin\..\lib\armlib\mc_w.l(stderr_f.o)
    0x20000130   0x0000001c   Zero   RW           90    .bss.Keypad_DA      BUILD/NUCLEO_F103RB/ARMC6/keypad_utilities.o
    0x2000014c   0x0000004c   Zero   RW           89    .bss.Keypad_Data    BUILD/NUCLEO_F103RB/ARMC6/keypad_utilities.o
    0x20000198   0x0000001c   Zero   RW          131    .bss.LCD_EN         BUILD/NUCLEO_F103RB/ARMC6/lcd_utilities.o
    0x200001b4   0x0000001c   Zero   RW          130    .bss.LCD_RS         BUILD/NUCLEO_F103RB/ARMC6/lcd_utilities.o
    0x200001d0   0x0000001c   Zero   RW          132    .bss.LCD_WR         BUILD/NUCLEO_F103RB/ARMC6/lcd_utilities.o
    0x200001ec   0x0000001c   Zero   RW           56    .bss.LED            BUILD/NUCLEO_F103RB/ARMC6/Lab5.o
    0x20000208   0x0000001c   Zero   RW           57    .bss.Motor          BUILD/NUCLEO_F103RB/ARMC6/Lab5.o
    0x20000224   0x00000048   Zero   RW         6881    .bss.TimMasterHandle  BUILD/NUCLEO_F103RB/ARMC6/mbed-os/targets/TARGET_STM/us_ticker.o
    0x2000026c   0x0000003c   Zero   RW           55    .bss.Trimmer        BUILD/NUCLEO_F103RB/ARMC6/Lab5.o
    0x200002a8   0x00000003   Zero   RW         2759    .bss._ZL14stdio_out_prev  BUILD/NUCLEO_F103RB/ARMC6/mbed-os/platform/source/mbed_retarget.o
    0x200002ab   0x00000001   PAD
    0x200002ac   0x00000008   Zero   RW          161    .bss._ZN4mbed8AnalogIn6_mutexE  BUILD/NUCLEO_F103RB/ARMC6/mbed-os/drivers/source/AnalogIn.o
    0x200002b4   0x00000004   Zero   RW         2765    .bss._ZZL19do_serial_init_oncevE4once  BUILD/NUCLEO_F103RB/ARMC6/mbed-os/platform/source/mbed_retarget.o
    0x200002b8   0x0000001c   Zero   RW           14    .bss.button         BUILD/NUCLEO_F103RB/ARMC6/Lab3/Lab3.o
    0x200002d4   0x00000004   Zero   RW         6298    .bss.can_irq_contexts  BUILD/NUCLEO_F103RB/ARMC6/mbed-os/targets/TARGET_STM/can_api.o
    0x200002d8   0x00000001   Zero   RW         1530    .bss.critical_interrupts_enabled  BUILD/NUCLEO_F103RB/ARMC6/mbed-os/hal/source/mbed_critical_section_api.o
    0x200002d9   0x00000003   PAD
    0x200002dc   0x00000004   Zero   RW         2421    .bss.critical_section_reentrancy_counter  BUILD/NUCLEO_F103RB/ARMC6/mbed-os/platform/source/mbed_critical.o
    0x200002e0   0x00000004   Zero   RW         2477    .bss.error_count    BUILD/NUCLEO_F103RB/ARMC6/mbed-os/platform/source/mbed_error.o
    0x200002e4   0x00000004   Zero   RW         2478    .bss.error_hook     BUILD/NUCLEO_F103RB/ARMC6/mbed-os/platform/source/mbed_error.o
    0x200002e8   0x00000038   Zero   RW         1709    .bss.events         BUILD/NUCLEO_F103RB/ARMC6/mbed-os/hal/source/mbed_us_ticker_api.o
    0x20000320   0x00000034   Zero   RW         2476    .bss.first_error_ctx  BUILD/NUCLEO_F103RB/ARMC6/mbed-os/platform/source/mbed_error.o
    0x20000354   0x00000001   Zero   RW         2479    .bss.halt_in_progress  BUILD/NUCLEO_F103RB/ARMC6/mbed-os/platform/source/mbed_error.o
    0x20000355   0x00000003   PAD
    0x20000358   0x00000004   Zero   RW         6297    .bss.irq_handler    BUILD/NUCLEO_F103RB/ARMC6/mbed-os/targets/TARGET_STM/can_api.o
    0x2000035c   0x00000034   Zero   RW         2475    .bss.last_error_ctx  BUILD/NUCLEO_F103RB/ARMC6/mbed-os/platform/source/mbed_error.o
    0x20000390   0x00000014   Zero   RW          129    .bss.lcdPort        BUILD/NUCLEO_F103RB/ARMC6/lcd_utilities.o
    0x200003a4   0x00000014   Zero   RW           54    .bss.ledbar         BUILD/NUCLEO_F103RB/ARMC6/Lab5.o
    0x200003b8   0x00000001   Zero   RW         2474    .bss.mbed_error_in_progress  BUILD/NUCLEO_F103RB/ARMC6/mbed-os/platform/source/mbed_error.o
    0x200003b9   0x00000003   PAD
    0x200003bc   0x00000054   Zero   RW         2248    .bss.mbed_fault_context  BUILD/NUCLEO_F103RB/ARMC6/mbed-os/platform/source/TARGET_CORTEX_M/mbed_fault_handler.o
    0x20000410   0x00000004   Zero   RW         2756    .bss.mbed_heap_size  BUILD/NUCLEO_F103RB/ARMC6/mbed-os/platform/source/mbed_retarget.o
    0x20000414   0x00000004   Zero   RW         2755    .bss.mbed_heap_start  BUILD/NUCLEO_F103RB/ARMC6/mbed-os/platform/source/mbed_retarget.o
    0x20000418   0x00000004   Zero   RW         6513    .bss.mbed_sdk_inited  BUILD/NUCLEO_F103RB/ARMC6/mbed-os/targets/TARGET_STM/mbed_overrides.o
    0x2000041c   0x00000004   Zero   RW         2846    .bss.mbed_stack_isr_size  BUILD/NUCLEO_F103RB/ARMC6/mbed-os/platform/source/mbed_sdk_boot.o
    0x20000420   0x00000004   Zero   RW         2845    .bss.mbed_stack_isr_start  BUILD/NUCLEO_F103RB/ARMC6/mbed-os/platform/source/mbed_sdk_boot.o
    0x20000424   0x00000002   Zero   RW         6398    .bss.prev_tick_remainder  BUILD/NUCLEO_F103RB/ARMC6/mbed-os/targets/TARGET_STM/hal_tick_overrides.o
    0x20000426   0x00000002   Zero   RW         6397    .bss.prev_time      BUILD/NUCLEO_F103RB/ARMC6/mbed-os/targets/TARGET_STM/hal_tick_overrides.o
    0x20000428   0x0000004c   Zero   RW           12    .bss.sevenSegmentDIG  BUILD/NUCLEO_F103RB/ARMC6/Lab3/Lab3.o
    0x20000474   0x00000014   Zero   RW           13    .bss.sevenSegmentPort  BUILD/NUCLEO_F103RB/ARMC6/Lab3/Lab3.o
    0x20000488   0x00000001   Zero   RW         1529    .bss.state_saved    BUILD/NUCLEO_F103RB/ARMC6/mbed-os/hal/source/mbed_critical_section_api.o
    0x20000489   0x00000003   PAD
    0x2000048c   0x0000004c   Zero   RW         6687    .bss.stdio_uart     BUILD/NUCLEO_F103RB/ARMC6/mbed-os/targets/TARGET_STM/serial_api.o
    0x200004d8   0x00000004   Zero   RW         6685    .bss.stdio_uart_inited  BUILD/NUCLEO_F103RB/ARMC6/mbed-os/targets/TARGET_STM/serial_api.o
    0x200004dc   0x00000004   Zero   RW         6399    .bss.total_ticks    BUILD/NUCLEO_F103RB/ARMC6/mbed-os/targets/TARGET_STM/hal_tick_overrides.o
    0x200004e0   0x000000c0   Zero   RW         6210    .bss.uart_handlers  BUILD/NUCLEO_F103RB/ARMC6/mbed-os/targets/TARGET_STM/TARGET_STM32F1/serial_device.o
    0x200005a0   0x00000002   Zero   RW           58    .bss.voltage        BUILD/NUCLEO_F103RB/ARMC6/Lab5.o


    Execution Region ARM_LIB_HEAP (Base: 0x200005b0, Size: 0x00003a50, Max: 0x00003a50, ABSOLUTE)

    Base Addr    Size         Type   Attr      Idx    E Section Name        Object

    0x200005b0   0x00003a50   Zero   RW            1    ARM_LIB_HEAP.bss    anon$$obj.o


    Execution Region ARM_LIB_STACK (Base: 0x20004000, Size: 0x00001000, Max: 0x00001000, ABSOLUTE)

    Base Addr    Size         Type   Attr      Idx    E Section Name        Object

    0x20004000   0x00001000   Zero   RW            2    ARM_LIB_STACK.bss   anon$$obj.o


==============================================================================

Image component sizes


      Code (inc. data)   RO Data    RW Data    ZI Data      Debug   

     15720       1552       1784         12      20164     776357   Object Totals
         0          0         32          0      19024          0   (incl. Generated)
       176          0          2          0         15          0   (incl. Padding)
      4240        162          0         12         40       2640   Library Totals
         2          0          0          0          0          0   (incl. Padding)

==============================================================================


      Code (inc. data)   RO Data    RW Data    ZI Data      Debug   

     19960       1714       1784         24      20204     776721   Grand Totals
     19960       1714       1784         24      20204     776721   ELF Image Totals
     19960       1714       1784         24          0          0   ROM Totals

==============================================================================

    Total RO  Size (Code + RO Data)                21744 (  21.23kB)
    Total RW  Size (RW Data + ZI Data)             20228 (  19.75kB)
    Total ROM Size (Code + RO Data + RW Data)      21768 (  21.26kB)

==============================================================================

